Component: ARM Compiler 5.06 update 7 (build 960) Tool: armlink [4d3601]

==============================================================================

Section Cross References

    startup_stm32g431xx.o(RESET) refers to startup_stm32g431xx.o(STACK) for __initial_sp
    startup_stm32g431xx.o(RESET) refers to startup_stm32g431xx.o(.text) for Reset_Handler
    startup_stm32g431xx.o(RESET) refers to stm32g4xx_it.o(i.NMI_Handler) for NMI_Handler
    startup_stm32g431xx.o(RESET) refers to stm32g4xx_it.o(i.HardFault_Handler) for HardFault_Handler
    startup_stm32g431xx.o(RESET) refers to stm32g4xx_it.o(i.MemManage_Handler) for MemManage_Handler
    startup_stm32g431xx.o(RESET) refers to stm32g4xx_it.o(i.BusFault_Handler) for BusFault_Handler
    startup_stm32g431xx.o(RESET) refers to stm32g4xx_it.o(i.UsageFault_Handler) for UsageFault_Handler
    startup_stm32g431xx.o(RESET) refers to port.o(.emb_text) for SVC_Handler
    startup_stm32g431xx.o(RESET) refers to stm32g4xx_it.o(i.DebugMon_Handler) for DebugMon_Handler
    startup_stm32g431xx.o(RESET) refers to cmsis_os2.o(i.SysTick_Handler) for SysTick_Handler
    startup_stm32g431xx.o(RESET) refers to stm32g4xx_it.o(i.DMA1_Channel1_IRQHandler) for DMA1_Channel1_IRQHandler
    startup_stm32g431xx.o(RESET) refers to stm32g4xx_it.o(i.ADC1_2_IRQHandler) for ADC1_2_IRQHandler
    startup_stm32g431xx.o(RESET) refers to stm32g4xx_it.o(i.TIM1_BRK_TIM15_IRQHandler) for TIM1_BRK_TIM15_IRQHandler
    startup_stm32g431xx.o(RESET) refers to stm32g4xx_it.o(i.TIM1_UP_TIM16_IRQHandler) for TIM1_UP_TIM16_IRQHandler
    startup_stm32g431xx.o(RESET) refers to stm32g4xx_it.o(i.TIM1_TRG_COM_TIM17_IRQHandler) for TIM1_TRG_COM_TIM17_IRQHandler
    startup_stm32g431xx.o(RESET) refers to stm32g4xx_it.o(i.USART3_IRQHandler) for USART3_IRQHandler
    startup_stm32g431xx.o(RESET) refers to stm32g4xx_it.o(i.TIM6_DAC_IRQHandler) for TIM6_DAC_IRQHandler
    startup_stm32g431xx.o(.text) refers to system_stm32g4xx.o(i.SystemInit) for SystemInit
    startup_stm32g431xx.o(.text) refers to entry.o(.ARM.Collect$$$$00000000) for __main
    main.o(i.HAL_ADCEx_InjectedConvCpltCallback) refers to adc.o(.bss) for hadc1
    main.o(i.HAL_ADCEx_InjectedConvCpltCallback) refers to main.o(.data) for .data
    main.o(i.HAL_TIM_PeriodElapsedCallback) refers to stm32g4xx_hal.o(i.HAL_IncTick) for HAL_IncTick
    main.o(i.HAL_TIM_PeriodElapsedCallback) refers to tasks.o(i.vTaskNotifyGiveFromISR) for vTaskNotifyGiveFromISR
    main.o(i.HAL_TIM_PeriodElapsedCallback) refers to usermain.o(.data) for ctrlLoopTaskHandle
    main.o(i.SystemClock_Config) refers to memseta.o(.text) for __aeabi_memclr4
    main.o(i.SystemClock_Config) refers to stm32g4xx_hal_pwr_ex.o(i.HAL_PWREx_ControlVoltageScaling) for HAL_PWREx_ControlVoltageScaling
    main.o(i.SystemClock_Config) refers to stm32g4xx_hal_rcc.o(i.HAL_RCC_OscConfig) for HAL_RCC_OscConfig
    main.o(i.SystemClock_Config) refers to stm32g4xx_hal_rcc.o(i.HAL_RCC_ClockConfig) for HAL_RCC_ClockConfig
    main.o(i.main) refers to stm32g4xx_hal.o(i.HAL_Init) for HAL_Init
    main.o(i.main) refers to main.o(i.SystemClock_Config) for SystemClock_Config
    main.o(i.main) refers to gpio.o(i.MX_GPIO_Init) for MX_GPIO_Init
    main.o(i.main) refers to dma.o(i.MX_DMA_Init) for MX_DMA_Init
    main.o(i.main) refers to usart.o(i.MX_USART3_UART_Init) for MX_USART3_UART_Init
    main.o(i.main) refers to adc.o(i.MX_ADC1_Init) for MX_ADC1_Init
    main.o(i.main) refers to adc.o(i.MX_ADC2_Init) for MX_ADC2_Init
    main.o(i.main) refers to opamp.o(i.MX_OPAMP1_Init) for MX_OPAMP1_Init
    main.o(i.main) refers to opamp.o(i.MX_OPAMP2_Init) for MX_OPAMP2_Init
    main.o(i.main) refers to opamp.o(i.MX_OPAMP3_Init) for MX_OPAMP3_Init
    main.o(i.main) refers to tim.o(i.MX_TIM1_Init) for MX_TIM1_Init
    main.o(i.main) refers to i2c.o(i.MX_I2C1_Init) for MX_I2C1_Init
    main.o(i.main) refers to tim.o(i.MX_TIM6_Init) for MX_TIM6_Init
    main.o(i.main) refers to stm32g4xx_hal_opamp.o(i.HAL_OPAMP_Start) for HAL_OPAMP_Start
    main.o(i.main) refers to stm32g4xx_hal_uart.o(i.HAL_UART_Receive_IT) for HAL_UART_Receive_IT
    main.o(i.main) refers to stm32g4xx_hal_adc_ex.o(i.HAL_ADCEx_Calibration_Start) for HAL_ADCEx_Calibration_Start
    main.o(i.main) refers to stm32g4xx_hal_tim.o(i.HAL_TIM_Base_Start) for HAL_TIM_Base_Start
    main.o(i.main) refers to stm32g4xx_hal_tim.o(i.HAL_TIM_PWM_Start) for HAL_TIM_PWM_Start
    main.o(i.main) refers to stm32g4xx_hal_tim_ex.o(i.HAL_TIMEx_PWMN_Start) for HAL_TIMEx_PWMN_Start
    main.o(i.main) refers to cmsis_os2.o(i.osKernelInitialize) for osKernelInitialize
    main.o(i.main) refers to app_freertos.o(i.MX_FREERTOS_Init) for MX_FREERTOS_Init
    main.o(i.main) refers to cmsis_os2.o(i.osKernelStart) for osKernelStart
    main.o(i.main) refers to opamp.o(.bss) for hopamp1
    main.o(i.main) refers to comm.o(.data) for aRxBuffer
    main.o(i.main) refers to usart.o(.bss) for huart3
    main.o(i.main) refers to adc.o(.bss) for hadc1
[...]
    __aeabi_uidiv                            0x08000599   Thumb Code     0  uidiv.o(.text)
    __aeabi_uidivmod                         0x08000599   Thumb Code    44  uidiv.o(.text)
    __aeabi_llsl                             0x080005c5   Thumb Code    30  llshl.o(.text)
    _ll_shift_l                              0x080005c5   Thumb Code     0  llshl.o(.text)
    __aeabi_llsr                             0x080005e3   Thumb Code    32  llushr.o(.text)
    _ll_ushift_r                             0x080005e3   Thumb Code     0  llushr.o(.text)
    __aeabi_lasr                             0x08000603   Thumb Code    36  llsshr.o(.text)
    _ll_sshift_r                             0x08000603   Thumb Code     0  llsshr.o(.text)
    __strtod_int                             0x0800065f   Thumb Code    90  strtod.o(.text)
    __I$use$fp                               0x080006c5   Thumb Code     0  iusefp.o(.text)
    _float_round                             0x080006c5   Thumb Code    18  fepilogue.o(.text)
    _float_epilogue                          0x080006d7   Thumb Code    92  fepilogue.o(.text)
    _double_round                            0x08000733   Thumb Code    30  depilogue.o(.text)
    _double_epilogue                         0x08000751   Thumb Code   156  depilogue.o(.text)
    __aeabi_dmul                             0x080007ed   Thumb Code   228  dmul.o(.text)
    __aeabi_ddiv                             0x080008d1   Thumb Code   222  ddiv.o(.text)
    _drem                                    0x080009af   Thumb Code   134  drem.o(.text)
    __aeabi_d2ulz                            0x08000a35   Thumb Code    48  dfixul.o(.text)
    __aeabi_cdcmpeq                          0x08000a65   Thumb Code     0  cdcmple.o(.text)
    __aeabi_cdcmple                          0x08000a65   Thumb Code    48  cdcmple.o(.text)
    __scatterload                            0x08000a95   Thumb Code    28  init.o(.text)
    __scatterload_rt2                        0x08000a95   Thumb Code     0  init.o(.text)
    isspace                                  0x08000ab9   Thumb Code    10  isspace_c.o(.text)
    _scanf_real                              0x08000bed   Thumb Code     0  scanf_fp.o(.text)
    _scanf_really_real                       0x08000bed   Thumb Code   556  scanf_fp.o(.text)
    _sgetc                                   0x08000e25   Thumb Code    30  _sgetc.o(.text)
    _sbackspace                              0x08000e43   Thumb Code    34  _sgetc.o(.text)
    __ctype_lookup                           0x08000e65   Thumb Code    34  ctype_c.o(.text)
    __aeabi_ul2d                             0x08000e8d   Thumb Code    24  dfltul.o(.text)
    __decompress                             0x08000ea5   Thumb Code     0  __dczerorl2.o(.text)
    __decompress1                            0x08000ea5   Thumb Code    86  __dczerorl2.o(.text)
    ADC1_2_IRQHandler                        0x08000efd   Thumb Code    18  stm32g4xx_it.o(i.ADC1_2_IRQHandler)
    ADC_Disable                              0x08000f19   Thumb Code   106  stm32g4xx_hal_adc.o(i.ADC_Disable)
    BusFault_Handler                         0x08000f89   Thumb Code     2  stm32g4xx_it.o(i.BusFault_Handler)
    DMA1_Channel1_IRQHandler                 0x08000f8d   Thumb Code     6  stm32g4xx_it.o(i.DMA1_Channel1_IRQHandler)
    DebugMon_Handler                         0x08000ffd   Thumb Code     2  stm32g4xx_it.o(i.DebugMon_Handler)
    Error_Handler                            0x08000fff   Thumb Code     4  main.o(i.Error_Handler)
    HAL_ADCEx_Calibration_Start              0x08001005   Thumb Code   138  stm32g4xx_hal_adc_ex.o(i.HAL_ADCEx_Calibration_Start)
    HAL_ADCEx_EndOfSamplingCallback          0x08001099   Thumb Code     2  stm32g4xx_hal_adc_ex.o(i.HAL_ADCEx_EndOfSamplingCallback)
    HAL_ADCEx_InjectedConfigChannel          0x0800109d   Thumb Code  1250  stm32g4xx_hal_adc_ex.o(i.HAL_ADCEx_InjectedConfigChannel)
    HAL_ADCEx_InjectedConvCpltCallback       0x080015a9   Thumb Code   188  main.o(i.HAL_ADCEx_InjectedConvCpltCallback)
    HAL_ADCEx_InjectedQueueOverflowCallback  0x08001675   Thumb Code     2  stm32g4xx_hal_adc_ex.o(i.HAL_ADCEx_InjectedQueueOverflowCallback)
    HAL_ADCEx_LevelOutOfWindow2Callback      0x08001677   Thumb Code     2  stm32g4xx_hal_adc_ex.o(i.HAL_ADCEx_LevelOutOfWindow2Callback)
    HAL_ADCEx_LevelOutOfWindow3Callback      0x08001679   Thumb Code     2  stm32g4xx_hal_adc_ex.o(i.HAL_ADCEx_LevelOutOfWindow3Callback)
    HAL_ADCEx_MultiModeConfigChannel         0x0800167d   Thumb Code   208  stm32g4xx_hal_adc_ex.o(i.HAL_ADCEx_MultiModeConfigChannel)
    HAL_ADC_ConfigChannel                    0x08001755   Thumb Code   998  stm32g4xx_hal_adc.o(i.HAL_ADC_ConfigChannel)
    HAL_ADC_ConvCpltCallback                 0x08001b6d   Thumb Code     2  stm32g4xx_hal_adc.o(i.HAL_ADC_ConvCpltCallback)
    HAL_ADC_ErrorCallback                    0x08001b6f   Thumb Code     2  stm32g4xx_hal_adc.o(i.HAL_ADC_ErrorCallback)
    HAL_ADC_IRQHandler                       0x08001b71   Thumb Code   612  stm32g4xx_hal_adc.o(i.HAL_ADC_IRQHandler)
    HAL_ADC_Init                             0x08001ddd   Thumb Code   476  stm32g4xx_hal_adc.o(i.HAL_ADC_Init)
    HAL_ADC_LevelOutOfWindowCallback         0x08001fd9   Thumb Code     2  stm32g4xx_hal_adc.o(i.HAL_ADC_LevelOutOfWindowCallback)
    HAL_ADC_MspInit                          0x08001fdd   Thumb Code   260  adc.o(i.HAL_ADC_MspInit)
    HAL_DMA_Abort                            0x080020f1   Thumb Code   106  stm32g4xx_hal_dma.o(i.HAL_DMA_Abort)
    HAL_DMA_Abort_IT                         0x0800215b   Thumb Code   120  stm32g4xx_hal_dma.o(i.HAL_DMA_Abort_IT)
    HAL_DMA_IRQHandler                       0x080021d3   Thumb Code   186  stm32g4xx_hal_dma.o(i.HAL_DMA_IRQHandler)
    HAL_DMA_Init                             0x0800228d   Thumb Code   178  stm32g4xx_hal_dma.o(i.HAL_DMA_Init)
    HAL_Delay                                0x0800234d   Thumb Code    32  stm32g4xx_hal.o(i.HAL_Delay)
    HAL_GPIO_Init                            0x08002371   Thumb Code   550  stm32g4xx_hal_gpio.o(i.HAL_GPIO_Init)
    HAL_GPIO_ReadPin                         0x080025b9   Thumb Code    10  stm32g4xx_hal_gpio.o(i.HAL_GPIO_ReadPin)
    HAL_GPIO_WritePin                        0x080025c3   Thumb Code    10  stm32g4xx_hal_gpio.o(i.HAL_GPIO_WritePin)
    HAL_GetTick                              0x080025cd   Thumb Code     6  stm32g4xx_hal.o(i.HAL_GetTick)
    HAL_I2CEx_ConfigAnalogFilter             0x080025d9   Thumb Code    86  stm32g4xx_hal_i2c_ex.o(i.HAL_I2CEx_ConfigAnalogFilter)
    HAL_I2CEx_ConfigDigitalFilter            0x0800262f   Thumb Code    82  stm32g4xx_hal_i2c_ex.o(i.HAL_I2CEx_ConfigDigitalFilter)
    HAL_I2C_Init                             0x08002681   Thumb Code   178  stm32g4xx_hal_i2c.o(i.HAL_I2C_Init)
    HAL_I2C_Master_Receive                   0x08002739   Thumb Code   282  stm32g4xx_hal_i2c.o(i.HAL_I2C_Master_Receive)
    HAL_I2C_Master_Transmit                  0x0800285d   Thumb Code   282  stm32g4xx_hal_i2c.o(i.HAL_I2C_Master_Transmit)
    HAL_I2C_MspInit                          0x08002981   Thumb Code   150  i2c.o(i.HAL_I2C_MspInit)
    HAL_IncTick                              0x08002a25   Thumb Code    12  stm32g4xx_hal.o(i.HAL_IncTick)
    HAL_Init                                 0x08002a35   Thumb Code    30  stm32g4xx_hal.o(i.HAL_Init)
    HAL_InitTick                             0x08002a55   Thumb Code   116  stm32g4xx_hal_timebase_tim.o(i.HAL_InitTick)
    HAL_MspInit                              0x08002add   Thumb Code    54  stm32g4xx_hal_msp.o(i.HAL_MspInit)
    HAL_NVIC_EnableIRQ                       0x08002b19   Thumb Code    26  stm32g4xx_hal_cortex.o(i.HAL_NVIC_EnableIRQ)
    HAL_NVIC_SetPriority                     0x08002b35   Thumb Code    60  stm32g4xx_hal_cortex.o(i.HAL_NVIC_SetPriority)
    HAL_NVIC_SetPriorityGrouping             0x08002b75   Thumb Code    26  stm32g4xx_hal_cortex.o(i.HAL_NVIC_SetPriorityGrouping)
    HAL_OPAMP_Init                           0x08002b99   Thumb Code   236  stm32g4xx_hal_opamp.o(i.HAL_OPAMP_Init)
    HAL_OPAMP_MspInit                        0x08002c8d   Thumb Code   134  opamp.o(i.HAL_OPAMP_MspInit)
    HAL_OPAMP_Start                          0x08002d21   Thumb Code    44  stm32g4xx_hal_opamp.o(i.HAL_OPAMP_Start)
    HAL_PWREx_ControlVoltageScaling          0x08002d4d   Thumb Code   174  stm32g4xx_hal_pwr_ex.o(i.HAL_PWREx_ControlVoltageScaling)
    HAL_PWREx_DisableUCPDDeadBattery         0x08002e09   Thumb Code    12  stm32g4xx_hal_pwr_ex.o(i.HAL_PWREx_DisableUCPDDeadBattery)
    HAL_RCCEx_PeriphCLKConfig                0x08002e19   Thumb Code   638  stm32g4xx_hal_rcc_ex.o(i.HAL_RCCEx_PeriphCLKConfig)
    HAL_RCC_ClockConfig                      0x080030a1   Thumb Code   444  stm32g4xx_hal_rcc.o(i.HAL_RCC_ClockConfig)
    HAL_RCC_GetClockConfig                   0x0800327d   Thumb Code    54  stm32g4xx_hal_rcc.o(i.HAL_RCC_GetClockConfig)
    HAL_RCC_GetPCLK1Freq                     0x080032bd   Thumb Code    24  stm32g4xx_hal_rcc.o(i.HAL_RCC_GetPCLK1Freq)
    HAL_RCC_GetPCLK2Freq                     0x080032e1   Thumb Code    24  stm32g4xx_hal_rcc.o(i.HAL_RCC_GetPCLK2Freq)
    HAL_RCC_GetSysClockFreq                  0x08003305   Thumb Code    98  stm32g4xx_hal_rcc.o(i.HAL_RCC_GetSysClockFreq)
    HAL_RCC_OscConfig                        0x08003375   Thumb Code  1036  stm32g4xx_hal_rcc.o(i.HAL_RCC_OscConfig)
    HAL_TIMEx_Break2Callback                 0x08003781   Thumb Code     2  stm32g4xx_hal_tim_ex.o(i.HAL_TIMEx_Break2Callback)
    HAL_TIMEx_BreakCallback                  0x08003783   Thumb Code     2  stm32g4xx_hal_tim_ex.o(i.HAL_TIMEx_BreakCallback)
    HAL_TIMEx_CommutCallback                 0x08003785   Thumb Code     2  stm32g4xx_hal_tim_ex.o(i.HAL_TIMEx_CommutCallback)
    HAL_TIMEx_ConfigBreakDeadTime            0x08003789   Thumb Code   164  stm32g4xx_hal_tim_ex.o(i.HAL_TIMEx_ConfigBreakDeadTime)
    HAL_TIMEx_DirectionChangeCallback        0x08003835   Thumb Code     2  stm32g4xx_hal_tim_ex.o(i.HAL_TIMEx_DirectionChangeCallback)
    HAL_TIMEx_EnableDeadTimePreload          0x08003837   Thumb Code    14  stm32g4xx_hal_tim_ex.o(i.HAL_TIMEx_EnableDeadTimePreload)
    HAL_TIMEx_EncoderIndexCallback           0x08003845   Thumb Code     2  stm32g4xx_hal_tim_ex.o(i.HAL_TIMEx_EncoderIndexCallback)
    HAL_TIMEx_IndexErrorCallback             0x08003847   Thumb Code     2  stm32g4xx_hal_tim_ex.o(i.HAL_TIMEx_IndexErrorCallback)
    HAL_TIMEx_MasterConfigSynchronization    0x08003849   Thumb Code   132  stm32g4xx_hal_tim_ex.o(i.HAL_TIMEx_MasterConfigSynchronization)
    HAL_TIMEx_PWMN_Start                     0x080038e5   Thumb Code   158  stm32g4xx_hal_tim_ex.o(i.HAL_TIMEx_PWMN_Start)
    HAL_TIMEx_PWMN_Stop                      0x0800399d   Thumb Code   104  stm32g4xx_hal_tim_ex.o(i.HAL_TIMEx_PWMN_Stop)
    HAL_TIMEx_TransitionErrorCallback        0x08003a05   Thumb Code     2  stm32g4xx_hal_tim_ex.o(i.HAL_TIMEx_TransitionErrorCallback)
    HAL_TIM_Base_Init                        0x08003a07   Thumb Code    98  stm32g4xx_hal_tim.o(i.HAL_TIM_Base_Init)
    HAL_TIM_Base_MspInit                     0x08003a69   Thumb Code   118  tim.o(i.HAL_TIM_Base_MspInit)
    HAL_TIM_Base_Start                       0x08003aed   Thumb Code    84  stm32g4xx_hal_tim.o(i.HAL_TIM_Base_Start)
    HAL_TIM_Base_Start_IT                    0x08003b59   Thumb Code    94  stm32g4xx_hal_tim.o(i.HAL_TIM_Base_Start_IT)
    HAL_TIM_Base_Stop                        0x08003bd1   Thumb Code    38  stm32g4xx_hal_tim.o(i.HAL_TIM_Base_Stop)
    HAL_TIM_ConfigClockSource                0x08003bf9   Thumb Code   246  stm32g4xx_hal_tim.o(i.HAL_TIM_ConfigClockSource)
    HAL_TIM_IC_CaptureCallback               0x08003cf9   Thumb Code     2  stm32g4xx_hal_tim.o(i.HAL_TIM_IC_CaptureCallback)
    HAL_TIM_IRQHandler                       0x08003cfb   Thumb Code   508  stm32g4xx_hal_tim.o(i.HAL_TIM_IRQHandler)
    HAL_TIM_MspPostInit                      0x08003ef9   Thumb Code   136  tim.o(i.HAL_TIM_MspPostInit)
    HAL_TIM_OC_DelayElapsedCallback          0x08003f8d   Thumb Code     2  stm32g4xx_hal_tim.o(i.HAL_TIM_OC_DelayElapsedCallback)
    HAL_TIM_PWM_ConfigChannel                0x08003f8f   Thumb Code   292  stm32g4xx_hal_tim.o(i.HAL_TIM_PWM_ConfigChannel)
    HAL_TIM_PWM_Init                         0x080040b3   Thumb Code    98  stm32g4xx_hal_tim.o(i.HAL_TIM_PWM_Init)
    HAL_TIM_PWM_MspInit                      0x08004115   Thumb Code     2  stm32g4xx_hal_tim.o(i.HAL_TIM_PWM_MspInit)
    HAL_TIM_PWM_PulseFinishedCallback        0x08004117   Thumb Code     2  stm32g4xx_hal_tim.o(i.HAL_TIM_PWM_PulseFinishedCallback)
    HAL_TIM_PWM_Start                        0x08004119   Thumb Code   218  stm32g4xx_hal_tim.o(i.HAL_TIM_PWM_Start)
    HAL_TIM_PWM_Stop                         0x08004215   Thumb Code   152  stm32g4xx_hal_tim.o(i.HAL_TIM_PWM_Stop)
    HAL_TIM_PeriodElapsedCallback            0x080042c1   Thumb Code    62  main.o(i.HAL_TIM_PeriodElapsedCallback)
    HAL_TIM_TriggerCallback                  0x08004311   Thumb Code     2  stm32g4xx_hal_tim.o(i.HAL_TIM_TriggerCallback)
    HAL_UARTEx_DisableFifoMode               0x08004313   Thumb Code    62  stm32g4xx_hal_uart_ex.o(i.HAL_UARTEx_DisableFifoMode)
    HAL_UARTEx_RxEventCallback               0x08004351   Thumb Code     2  stm32g4xx_hal_uart.o(i.HAL_UARTEx_RxEventCallback)
    HAL_UARTEx_RxFifoFullCallback            0x08004353   Thumb Code     2  stm32g4xx_hal_uart_ex.o(i.HAL_UARTEx_RxFifoFullCallback)
    HAL_UARTEx_SetRxFifoThreshold            0x08004355   Thumb Code    76  stm32g4xx_hal_uart_ex.o(i.HAL_UARTEx_SetRxFifoThreshold)
    HAL_UARTEx_SetTxFifoThreshold            0x080043a1   Thumb Code    76  stm32g4xx_hal_uart_ex.o(i.HAL_UARTEx_SetTxFifoThreshold)
    HAL_UARTEx_TxFifoEmptyCallback           0x080043ed   Thumb Code     2  stm32g4xx_hal_uart_ex.o(i.HAL_UARTEx_TxFifoEmptyCallback)
    HAL_UARTEx_WakeupCallback                0x080043ef   Thumb Code     2  stm32g4xx_hal_uart_ex.o(i.HAL_UARTEx_WakeupCallback)
    HAL_UART_ErrorCallback                   0x080043f1   Thumb Code     2  stm32g4xx_hal_uart.o(i.HAL_UART_ErrorCallback)
    HAL_UART_IRQHandler                      0x080043f5   Thumb Code   722  stm32g4xx_hal_uart.o(i.HAL_UART_IRQHandler)
    HAL_UART_Init                            0x080046d5   Thumb Code   106  stm32g4xx_hal_uart.o(i.HAL_UART_Init)
    HAL_UART_MspInit                         0x08004741   Thumb Code   174  usart.o(i.HAL_UART_MspInit)
    HAL_UART_Receive_IT                      0x08004805   Thumb Code    80  stm32g4xx_hal_uart.o(i.HAL_UART_Receive_IT)
    HAL_UART_RxCpltCallback                  0x08004859   Thumb Code    34  comm.o(i.HAL_UART_RxCpltCallback)
    HAL_UART_TxCpltCallback                  0x08004889   Thumb Code     2  stm32g4xx_hal_uart.o(i.HAL_UART_TxCpltCallback)
    HardFault_Handler                        0x0800488b   Thumb Code     2  stm32g4xx_it.o(i.HardFault_Handler)
    LED_drive                                0x08004b91   Thumb Code    46  led.o(i.LED_drive)
    MX_ADC1_Init                             0x08004c6d   Thumb Code   228  adc.o(i.MX_ADC1_Init)
    MX_ADC2_Init                             0x08004d61   Thumb Code   174  adc.o(i.MX_ADC2_Init)
    MX_DMA_Init                              0x08004e21   Thumb Code    56  dma.o(i.MX_DMA_Init)
    MX_FREERTOS_Init                         0x08004e5d   Thumb Code    18  app_freertos.o(i.MX_FREERTOS_Init)
    MX_GPIO_Init                             0x08004e7d   Thumb Code   176  gpio.o(i.MX_GPIO_Init)
    MX_I2C1_Init                             0x08004f39   Thumb Code    76  i2c.o(i.MX_I2C1_Init)
    MX_OPAMP1_Init                           0x08004f91   Thumb Code    42  opamp.o(i.MX_OPAMP1_Init)
    MX_OPAMP2_Init                           0x08004fc5   Thumb Code    42  opamp.o(i.MX_OPAMP2_Init)
    MX_OPAMP3_Init                           0x08004ff9   Thumb Code    42  opamp.o(i.MX_OPAMP3_Init)
    MX_TIM1_Init                             0x0800502d   Thumb Code   284  tim.o(i.MX_TIM1_Init)
    MX_TIM6_Init                             0x08005151   Thumb Code    64  tim.o(i.MX_TIM6_Init)
    MX_USART3_UART_Init                      0x08005199   Thumb Code    94  usart.o(i.MX_USART3_UART_Init)
    MemManage_Handler                        0x08005201   Thumb Code     2  stm32g4xx_it.o(i.MemManage_Handler)
    NMI_Handler                              0x08005203   Thumb Code     2  stm32g4xx_it.o(i.NMI_Handler)
    PID_operator                             0x08005205   Thumb Code   390  pid.o(i.PID_operator)
    SinApprox                                0x080053c9   Thumb Code   212  math_utils.o(i.SinApprox)
    SqrtApprox                               0x080054b9   Thumb Code    20  math_utils.o(i.SqrtApprox)
    StartDefaultTask                         0x080054d1   Thumb Code    18  app_freertos.o(i.StartDefaultTask)
    SysTick_Handler                          0x080054e9   Thumb Code    26  cmsis_os2.o(i.SysTick_Handler)
    SystemClock_Config                       0x08005503   Thumb Code   100  main.o(i.SystemClock_Config)
    SystemInit                               0x08005569   Thumb Code    12  system_stm32g4xx.o(i.SystemInit)
    TIM1_BRK_TIM15_IRQHandler                0x08005579   Thumb Code     6  stm32g4xx_it.o(i.TIM1_BRK_TIM15_IRQHandler)
    TIM1_TRG_COM_TIM17_IRQHandler            0x08005585   Thumb Code    18  stm32g4xx_it.o(i.TIM1_TRG_COM_TIM17_IRQHandler)
    TIM1_UP_TIM16_IRQHandler                 0x080055a1   Thumb Code     6  stm32g4xx_it.o(i.TIM1_UP_TIM16_IRQHandler)
    TIM6_DAC_IRQHandler                      0x080055ad   Thumb Code     6  stm32g4xx_it.o(i.TIM6_DAC_IRQHandler)
    TIM_Base_SetConfig                       0x080055b9   Thumb Code   146  stm32g4xx_hal_tim.o(i.TIM_Base_SetConfig)
    TIM_CCxChannelCmd                        0x08005669   Thumb Code    26  stm32g4xx_hal_tim.o(i.TIM_CCxChannelCmd)
    TIM_ETR_SetConfig                        0x0800569d   Thumb Code    20  stm32g4xx_hal_tim.o(i.TIM_ETR_SetConfig)
    TIM_OC2_SetConfig                        0x08005761   Thumb Code   120  stm32g4xx_hal_tim.o(i.TIM_OC2_SetConfig)
    ThreadCtrlLoop                           0x08005a39   Thumb Code    30  bldcmotor.o(i.ThreadCtrlLoop)
    UART_AdvFeatureConfig                    0x08005ab1   Thumb Code   200  stm32g4xx_hal_uart.o(i.UART_AdvFeatureConfig)
    UART_CheckIdleState                      0x08005b79   Thumb Code    96  stm32g4xx_hal_uart.o(i.UART_CheckIdleState)
    UART_SetConfig                           0x08006071   Thumb Code   582  stm32g4xx_hal_uart.o(i.UART_SetConfig)
    UART_Start_Receive_IT                    0x080062e5   Thumb Code   262  stm32g4xx_hal_uart.o(i.UART_Start_Receive_IT)
    UART_WaitOnFlagUntilTimeout              0x080063fd   Thumb Code   198  stm32g4xx_hal_uart.o(i.UART_WaitOnFlagUntilTimeout)
    USART3_IRQHandler                        0x080064c5   Thumb Code     6  stm32g4xx_it.o(i.USART3_IRQHandler)
    UsageFault_Handler                       0x080064d1   Thumb Code     2  stm32g4xx_it.o(i.UsageFault_Handler)
    __0printf                                0x080064d5   Thumb Code    22  printfa.o(i.__0printf)
    __1printf                                0x080064d5   Thumb Code     0  printfa.o(i.__0printf)
    __2printf                                0x080064d5   Thumb Code     0  printfa.o(i.__0printf)
    __c89printf                              0x080064d5   Thumb Code     0  printfa.o(i.__0printf)
    printf                                   0x080064d5   Thumb Code     0  printfa.o(i.__0printf)
    __0sprintf                               0x080064f5   Thumb Code    34  printfa.o(i.__0sprintf)
    __1sprintf                               0x080064f5   Thumb Code     0  printfa.o(i.__0sprintf)
    __2sprintf                               0x080064f5   Thumb Code     0  printfa.o(i.__0sprintf)
    __c89sprintf                             0x080064f5   Thumb Code     0  printfa.o(i.__0sprintf)
    sprintf                                  0x080064f5   Thumb Code     0  printfa.o(i.__0sprintf)
    __ARM_fpclassify                         0x0800651d   Thumb Code    48  fpclassify.o(i.__ARM_fpclassify)
    __hardfp_atan                            0x08006571   Thumb Code   622  atan.o(i.__hardfp_atan)
    __hardfp_atan2                           0x08006849   Thumb Code   448  atan2.o(i.__hardfp_atan2)
    __hardfp_atof                            0x08006a49   Thumb Code    44  atof.o(i.__hardfp_atof)
    __hardfp_floor                           0x08006a81   Thumb Code   252  floor.o(i.__hardfp_floor)
    __hardfp_fmod                            0x08006b99   Thumb Code   254  fmod.o(i.__hardfp_fmod)
    __kernel_poly                            0x08006c9d   Thumb Code   248  poly.o(i.__kernel_poly)
    __mathlib_dbl_infnan                     0x08006d95   Thumb Code    20  dunder.o(i.__mathlib_dbl_infnan)
    __mathlib_dbl_infnan2                    0x08006da9   Thumb Code    20  dunder.o(i.__mathlib_dbl_infnan2)
    __mathlib_dbl_invalid                    0x08006dc1   Thumb Code    24  dunder.o(i.__mathlib_dbl_invalid)
    __mathlib_dbl_underflow                  0x08006de1   Thumb Code    24  dunder.o(i.__mathlib_dbl_underflow)
    __read_errno                             0x08006e01   Thumb Code     6  errno.o(i.__read_errno)
    __scatterload_copy                       0x08006e0d   Thumb Code    14  handlers.o(i.__scatterload_copy)
    __scatterload_null                       0x08006e1b   Thumb Code     2  handlers.o(i.__scatterload_null)
    __scatterload_zeroinit                   0x08006e1d   Thumb Code    14  handlers.o(i.__scatterload_zeroinit)
    __set_errno                              0x08006e2d   Thumb Code     6  errno.o(i.__set_errno)
    _is_digit                                0x08006fbd   Thumb Code    14  scanf_fp.o(i._is_digit)
    alignSensor                              0x080076dd   Thumb Code   516  sensor.o(i.alignSensor)
    appRunning                               0x08007afd   Thumb Code    66  app.o(i.appRunning)
    appRunningLoop                           0x08007b4d   Thumb Code    20  app.o(i.appRunningLoop)
    as5600GetRawAngle                        0x08007b65   Thumb Code    50  as5600.o(i.as5600GetRawAngle)
    atan                                     0x08007b9d   Thumb Code    16  atan.o(i.atan)
    commander_run                            0x08007bad   Thumb Code   236  comm.o(i.commander_run)
    communicationLoop                        0x08007cfd   Thumb Code    20  comm.o(i.communicationLoop)
    delay                                    0x08007d11   Thumb Code    44  time_utils.o(i.delay)
    fabs                                     0x08007d41   Thumb Code    24  fabs.o(i.fabs)
    fputc                                    0x08007d59   Thumb Code    18  main.o(i.fputc)
    getAngle                                 0x08007d71   Thumb Code   168  sensor.o(i.getAngle)
    getElectricalAngle                       0x08007e39   Thumb Code    44  sensor.o(i.getElectricalAngle)
    getKeyFlags                              0x08007e6d   Thumb Code   146  key.o(i.getKeyFlags)
    getKeyState                              0x08007f09   Thumb Code    62  key.o(i.getKeyState)
    getRawCount                              0x08007f4d   Thumb Code    12  sensor.o(i.getRawCount)
    getShaftAngle                            0x08007f59   Thumb Code    34  sensor.o(i.getShaftAngle)
    getShaftVelocity                         0x08007f81   Thumb Code    44  sensor.o(i.getShaftVelocity)
    getVelocity                              0x08007fb1   Thumb Code    90  sensor.o(i.getVelocity)
    keyScan                                  0x08008019   Thumb Code   458  key.o(i.keyScan)
    keyScanLoop                              0x080081e9   Thumb Code    28  key.o(i.keyScanLoop)
    lowPassFilterInit                        0x08008209   Thumb Code    24  lowpassfilter.o(i.lowPassFilterInit)
    lowPassFiltering                         0x08008225   Thumb Code   124  lowpassfilter.o(i.lowPassFiltering)
    magneticSensorInit                       0x080082ad   Thumb Code   158  sensor.o(i.magneticSensorInit)
    main                                     0x08008369   Thumb Code   192  main.o(i.main)
    micros                                   0x08008449   Thumb Code    84  time_utils.o(i.micros)
    motorInit                                0x080084a1   Thumb Code   166  bldcmotor.o(i.motorInit)
    motorTick                                0x0800856d   Thumb Code   264  bldcmotor.o(i.motorTick)
    normalizeAngle                           0x08008689   Thumb Code    54  math_utils.o(i.normalizeAngle)
    osDelay                                  0x080086cd   Thumb Code    26  cmsis_os2.o(i.osDelay)
    osKernelInitialize                       0x080086e9   Thumb Code    32  cmsis_os2.o(i.osKernelInitialize)
    osKernelStart                            0x0800870d   Thumb Code    48  cmsis_os2.o(i.osKernelStart)
    osThreadNew                              0x08008745   Thumb Code   138  cmsis_os2.o(i.osThreadNew)
    pidInit                                  0x080087d1   Thumb Code    44  pid.o(i.pidInit)
    printLog                                 0x08008801   Thumb Code    60  comm.o(i.printLog)
    pvPortMalloc                             0x08009011   Thumb Code   216  heap_4.o(i.pvPortMalloc)
    pxPortInitialiseStack                    0x080090ed   Thumb Code    40  port.o(i.pxPortInitialiseStack)
    setPhaseVoltage                          0x08009119   Thumb Code   574  foc.o(i.setPhaseVoltage)
    uartRcv                                  0x080093fd   Thumb Code    60  comm.o(i.uartRcv)
    ulTaskNotifyTake                         0x0800943d   Thumb Code    96  tasks.o(i.ulTaskNotifyTake)
    userMain                                 0x080094a5   Thumb Code   110  usermain.o(i.userMain)
    uxListRemove                             0x08009531   Thumb Code    38  list.o(i.uxListRemove)
    vApplicationGetIdleTaskMemory            0x08009559   Thumb Code    16  cmsis_os2.o(i.vApplicationGetIdleTaskMemory)
    vApplicationGetTimerTaskMemory           0x0800956d   Thumb Code    18  cmsis_os2.o(i.vApplicationGetTimerTaskMemory)
    vListInitialise                          0x08009585   Thumb Code    22  list.o(i.vListInitialise)
    vListInitialiseItem                      0x0800959b   Thumb Code     6  list.o(i.vListInitialiseItem)
    vListInsert                              0x080095a1   Thumb Code    48  list.o(i.vListInsert)
    vListInsertEnd                           0x080095d1   Thumb Code    24  list.o(i.vListInsertEnd)
    vPortEnterCritical                       0x080095e9   Thumb Code    54  port.o(i.vPortEnterCritical)
    vPortExitCritical                        0x08009629   Thumb Code    34  port.o(i.vPortExitCritical)
    vPortFree                                0x08009651   Thumb Code    94  heap_4.o(i.vPortFree)
    vPortSetupTimerInterrupt                 0x080096b5   Thumb Code    32  port.o(i.vPortSetupTimerInterrupt)
    vPortValidateInterruptPriority           0x080096d9   Thumb Code    74  port.o(i.vPortValidateInterruptPriority)
    vQueueAddToRegistry                      0x0800972d   Thumb Code    34  queue.o(i.vQueueAddToRegistry)
    vQueueWaitForMessageRestricted           0x08009755   Thumb Code    68  queue.o(i.vQueueWaitForMessageRestricted)
    vTaskDelay                               0x08009799   Thumb Code    66  tasks.o(i.vTaskDelay)
    vTaskDelete                              0x080097e5   Thumb Code   130  tasks.o(i.vTaskDelete)
    vTaskInternalSetTimeOutState             0x08009875   Thumb Code    12  tasks.o(i.vTaskInternalSetTimeOutState)
    vTaskMissedYield                         0x08009885   Thumb Code     8  tasks.o(i.vTaskMissedYield)
    vTaskNotifyGiveFromISR                   0x08009891   Thumb Code   162  tasks.o(i.vTaskNotifyGiveFromISR)
    vTaskPlaceOnEventList                    0x08009941   Thumb Code    44  tasks.o(i.vTaskPlaceOnEventList)
    vTaskPlaceOnEventListRestricted          0x08009971   Thumb Code    52  tasks.o(i.vTaskPlaceOnEventListRestricted)
    vTaskStartScheduler                      0x080099a9   Thumb Code   118  tasks.o(i.vTaskStartScheduler)
    vTaskSuspendAll                          0x08009a31   Thumb Code    10  tasks.o(i.vTaskSuspendAll)
    vTaskSwitchContext                       0x08009a41   Thumb Code    90  tasks.o(i.vTaskSwitchContext)
    xPortStartScheduler                      0x08009ba1   Thumb Code   222  port.o(i.xPortStartScheduler)
    xPortSysTickHandler                      0x08009c95   Thumb Code    38  port.o(i.xPortSysTickHandler)
    xQueueGenericCreateStatic                0x08009cc1   Thumb Code   102  queue.o(i.xQueueGenericCreateStatic)
    xQueueGenericReset                       0x08009d29   Thumb Code   132  queue.o(i.xQueueGenericReset)
    xQueueGenericSend                        0x08009db1   Thumb Code   346  queue.o(i.xQueueGenericSend)
    xQueueGenericSendFromISR                 0x08009f11   Thumb Code   190  queue.o(i.xQueueGenericSendFromISR)
    xQueueReceive                            0x08009fd1   Thumb Code   308  queue.o(i.xQueueReceive)
    xTaskCheckForTimeOut                     0x0800a109   Thumb Code   112  tasks.o(i.xTaskCheckForTimeOut)
    xTaskCreate                              0x0800a17d   Thumb Code    90  tasks.o(i.xTaskCreate)
    xTaskCreateStatic                        0x0800a1d7   Thumb Code    86  tasks.o(i.xTaskCreateStatic)
    xTaskGetSchedulerState                   0x0800a22d   Thumb Code    22  tasks.o(i.xTaskGetSchedulerState)
    xTaskGetTickCount                        0x0800a249   Thumb Code     6  tasks.o(i.xTaskGetTickCount)
    xTaskIncrementTick                       0x0800a255   Thumb Code   192  tasks.o(i.xTaskIncrementTick)
    xTaskPriorityDisinherit                  0x0800a31d   Thumb Code   118  tasks.o(i.xTaskPriorityDisinherit)
    xTaskRemoveFromEventList                 0x0800a39d   Thumb Code    98  tasks.o(i.xTaskRemoveFromEventList)
    xTaskResumeAll                           0x0800a40d   Thumb Code   182  tasks.o(i.xTaskResumeAll)
    xTimerCreateTimerTask                    0x0800a4d1   Thumb Code    78  timers.o(i.xTimerCreateTimerTask)
    xTimerGenericCommand                     0x0800a531   Thumb Code    98  timers.o(i.xTimerGenericCommand)
    defaultTask_attributes                   0x0800a598   Data          36  app_freertos.o(.constdata)
    UARTPrescTable                           0x0800a5bc   Data          24  stm32g4xx_hal_uart.o(.constdata)
    AHBPrescTable                            0x0800a5e4   Data          16  system_stm32g4xx.o(.constdata)
    APBPrescTable                            0x0800a5f4   Data           8  system_stm32g4xx.o(.constdata)
    SIN_MAP                                  0x0800a5fc   Data         800  math_utils.o(.constdata)
    __mathlib_zero                           0x0800aa48   Data           8  qnan.o(.constdata)
    __ctype_categories                       0x0800aa50   Data          64  ctype_c.o(.constdata)
    Region$$Table$$Base                      0x0800aac8   Number         0  anon$$obj.o(Region$$Table)
    Region$$Table$$Limit                     0x0800aae8   Number         0  anon$$obj.o(Region$$Table)
    ADC_offset                               0x20000000   Data           1  main.o(.data)
    IA_Offset                                0x20000002   Data           2  main.o(.data)
    IB_Offset                                0x20000004   Data           2  main.o(.data)
    IC_Offset                                0x20000006   Data           2  main.o(.data)
    adc1_in1                                 0x20000008   Data           2  main.o(.data)
    adc1_in2                                 0x2000000a   Data           2  main.o(.data)
    adc1_in3                                 0x2000000c   Data           2  main.o(.data)
    Ia                                       0x20000010   Data           4  main.o(.data)
    Ib                                       0x20000014   Data           4  main.o(.data)
    Ic                                       0x20000018   Data           4  main.o(.data)
    defaultTaskHandle                        0x2000001c   Data           4  app_freertos.o(.data)
    uwTickPrio                               0x20000024   Data           4  stm32g4xx_hal.o(.data)
    uwTickFreq                               0x20000028   Data           4  stm32g4xx_hal.o(.data)
    uwTick                                   0x2000002c   Data           4  stm32g4xx_hal.o(.data)
    SystemCoreClock                          0x20000030   Data           4  system_stm32g4xx.o(.data)
    voltage                                  0x20000034   Data           8  foc.o(.data)
    m                                        0x2000003c   Data           4  time_utils.o(.data)
    tms                                      0x20000040   Data           4  time_utils.o(.data)
    u                                        0x20000044   Data           4  time_utils.o(.data)
    t0                                       0x20000048   Data           4  time_utils.o(.data)
    countDirection                           0x20000050   Data           1  sensor.o(.data)
    sensor_offset                            0x20000054   Data           4  sensor.o(.data)
    polePairs                                0x20000058   Data           4  sensor.o(.data)
    zero_electric_angle                      0x2000005c   Data           4  sensor.o(.data)
    cpr                                      0x20000060   Data           4  sensor.o(.data)
    velocity_calc_timestamp                  0x20000064   Data           4  sensor.o(.data)
    angle_data_prev                          0x20000068   Data           4  sensor.o(.data)
    angle_prev                               0x2000006c   Data           4  sensor.o(.data)
    full_rotation_offset                     0x20000070   Data           4  sensor.o(.data)
    velocityTimestamp                        0x20000078   Data           8  sensor.o(.data)
    voltagePowerSupply                       0x20000080   Data           4  bldcmotor.o(.data)
    shaftVelocity                            0x20000084   Data           4  bldcmotor.o(.data)
    open_loop_timestamp                      0x20000088   Data           4  bldcmotor.o(.data)
    shaftAngle                               0x2000008c   Data           4  bldcmotor.o(.data)
    electricalAngle                          0x20000090   Data           4  bldcmotor.o(.data)
    phaseResistance                          0x20000094   Data           4  bldcmotor.o(.data)
    setPointCurrent                          0x20000098   Data           4  bldcmotor.o(.data)
    setPointVelocity                         0x2000009c   Data           4  bldcmotor.o(.data)
    setPointAngle                            0x200000a0   Data           4  bldcmotor.o(.data)
    ctrlLoopTaskHandle                       0x200000a4   Data           4  usermain.o(.data)
    commTaskHandle                           0x200000a8   Data           4  usermain.o(.data)
    appTaskHandle                            0x200000ac   Data           4  usermain.o(.data)
    keyTaskHandle                            0x200000b0   Data           4  usermain.o(.data)
    aRxBuffer                                0x200000b4   Data           1  comm.o(.data)
    comm1                                    0x200000b8   Data           4  comm.o(.data)
    comm2                                    0x200000bc   Data           4  comm.o(.data)
    comm3                                    0x200000c0   Data           4  comm.o(.data)
    comm4                                    0x200000c4   Data           4  comm.o(.data)
    comm5                                    0x200000c8   Data           4  comm.o(.data)
    comm6                                    0x200000cc   Data           4  comm.o(.data)
    comm7                                    0x200000d0   Data           4  comm.o(.data)
    comm8                                    0x200000d4   Data           4  comm.o(.data)
    comm9                                    0x200000d8   Data           4  comm.o(.data)
    comm10                                   0x200000dc   Data           4  comm.o(.data)
    comm11                                   0x200000e0   Data           4  comm.o(.data)
    led1On                                   0x200000f0   Data           1  led.o(.data)
    led2On                                   0x200000f1   Data           1  led.o(.data)
    pxCurrentTCB                             0x200000f8   Data           4  tasks.o(.data)
    __stdout                                 0x20000178   Data           4  stdout.o(.data)
    hadc1                                    0x20000180   Data         108  adc.o(.bss)
    hadc2                                    0x200001ec   Data         108  adc.o(.bss)
    hi2c1                                    0x20000258   Data          76  i2c.o(.bss)
    hopamp1                                  0x200002a4   Data          60  opamp.o(.bss)
    hopamp2                                  0x200002e0   Data          60  opamp.o(.bss)
    hopamp3                                  0x2000031c   Data          60  opamp.o(.bss)
    htim1                                    0x20000358   Data          76  tim.o(.bss)
    htim6                                    0x200003a4   Data          76  tim.o(.bss)
    huart3                                   0x200003f0   Data         144  usart.o(.bss)
    hdma_usart3_tx                           0x20000480   Data          96  usart.o(.bss)
    htim17                                   0x200004e0   Data          76  stm32g4xx_hal_timebase_tim.o(.bss)
    bldcMotor                                0x2000052c   Data         232  bldcmotor.o(.bss)
    rxUart                                   0x20000614   Data          13  comm.o(.bss)
    sndBuff                                  0x20000621   Data          24  comm.o(.bss)
    xQueueRegistry                           0x2000066c   Data          64  queue.o(.bss)
    __initial_sp                             0x20006560   Data           0  startup_stm32g431xx.o(STACK)



==============================================================================

Memory Map of the image

  Image Entry point : 0x080001d9

  Load Region LR_IROM1 (Base: 0x08000000, Size: 0x0000ac68, Max: 0x00020000, ABSOLUTE, COMPRESSED[0x0000aaf8])

    Execution Region ER_IROM1 (Exec base: 0x08000000, Load base: 0x08000000, Size: 0x0000aae8, Max: 0x00020000, ABSOLUTE)

    Exec Addr    Load Addr    Size         Type   Attr      Idx    E Section Name        Object

    0x08000000   0x08000000   0x000001d8   Data   RO            3    RESET               startup_stm32g431xx.o
    0x080001d8   0x080001d8   0x00000000   Code   RO         7561  * .ARM.Collect$$$$00000000  mc_w.l(entry.o)
    0x080001d8   0x080001d8   0x00000004   Code   RO         7882    .ARM.Collect$$$$00000001  mc_w.l(entry2.o)
    0x080001dc   0x080001dc   0x00000004   Code   RO         7885    .ARM.Collect$$$$00000004  mc_w.l(entry5.o)
    0x080001e0   0x080001e0   0x00000000   Code   RO         7887    .ARM.Collect$$$$00000008  mc_w.l(entry7b.o)
    0x080001e0   0x080001e0   0x00000000   Code   RO         7889    .ARM.Collect$$$$0000000A  mc_w.l(entry8b.o)
    0x080001e0   0x080001e0   0x00000008   Code   RO         7890    .ARM.Collect$$$$0000000B  mc_w.l(entry9a.o)
    0x080001e8   0x080001e8   0x00000004   Code   RO         7897    .ARM.Collect$$$$0000000E  mc_w.l(entry12b.o)
    0x080001ec   0x080001ec   0x00000000   Code   RO         7892    .ARM.Collect$$$$0000000F  mc_w.l(entry10a.o)
    0x080001ec   0x080001ec   0x00000000   Code   RO         7894    .ARM.Collect$$$$00000011  mc_w.l(entry11a.o)
    0x080001ec   0x080001ec   0x00000004   Code   RO         7883    .ARM.Collect$$$$00002712  mc_w.l(entry2.o)
    0x080001f0   0x080001f0   0x000000be   Code   RO         7448    .emb_text           port.o
    0x080002ae   0x080002ae   0x00000002   PAD
    0x080002b0   0x080002b0   0x00000024   Code   RO            4    .text               startup_stm32g431xx.o
    0x080002d4   0x080002d4   0x00000062   Code   RO         7564    .text               mc_w.l(uldiv.o)
    0x08000336   0x08000336   0x00000024   Code   RO         7566    .text               mc_w.l(memcpya.o)
    0x0800035a   0x0800035a   0x00000024   Code   RO         7570    .text               mc_w.l(memseta.o)
    0x0800037e   0x0800037e   0x0000014e   Code   RO         7835    .text               mf_w.l(dadd.o)
    0x080004cc   0x080004cc   0x0000003e   Code   RO         7839    .text               mf_w.l(dfixi.o)
    0x0800050a   0x0800050a   0x00000026   Code   RO         7841    .text               mf_w.l(f2d.o)
    0x08000530   0x08000530   0x00000030   Code   RO         7843    .text               mf_w.l(cdrcmple.o)
    0x08000560   0x08000560   0x00000038   Code   RO         7845    .text               mf_w.l(d2f.o)
    0x08000598   0x08000598   0x0000002c   Code   RO         7899    .text               mc_w.l(uidiv.o)
    0x080005c4   0x080005c4   0x0000001e   Code   RO         7901    .text               mc_w.l(llshl.o)
    0x080005e2   0x080005e2   0x00000020   Code   RO         7903    .text               mc_w.l(llushr.o)
    0x08000602   0x08000602   0x00000024   Code   RO         7905    .text               mc_w.l(llsshr.o)
    0x08000626   0x08000626   0x00000002   PAD
    0x08000628   0x08000628   0x0000009c   Code   RO         7914    .text               mc_w.l(strtod.o)
    0x080006c4   0x080006c4   0x00000000   Code   RO         7916    .text               mc_w.l(iusefp.o)
    0x080006c4   0x080006c4   0x0000006e   Code   RO         7917    .text               mf_w.l(fepilogue.o)
    0x08000732   0x08000732   0x000000ba   Code   RO         7919    .text               mf_w.l(depilogue.o)
    0x080007ec   0x080007ec   0x000000e4   Code   RO         7921    .text               mf_w.l(dmul.o)
    0x080008d0   0x080008d0   0x000000de   Code   RO         7923    .text               mf_w.l(ddiv.o)
    0x080009ae   0x080009ae   0x00000086   Code   RO         7927    .text               mf_w.l(drem.o)
    0x08000a34   0x08000a34   0x00000030   Code   RO         7929    .text               mf_w.l(dfixul.o)
    0x08000a64   0x08000a64   0x00000030   Code   RO         7931    .text               mf_w.l(cdcmple.o)
    0x08000a94   0x08000a94   0x00000024   Code   RO         7937    .text               mc_w.l(init.o)
    0x08000ab8   0x08000ab8   0x0000000a   Code   RO         7939    .text               mc_w.l(isspace_c.o)
    0x08000ac2   0x08000ac2   0x00000002   PAD
    0x08000ac4   0x08000ac4   0x00000360   Code   RO         7941    .text               mc_w.l(scanf_fp.o)
    0x08000e24   0x08000e24   0x00000040   Code   RO         7945    .text               mc_w.l(_sgetc.o)
    0x08000e64   0x08000e64   0x00000028   Code   RO         7947    .text               mc_w.l(ctype_c.o)
    0x08000e8c   0x08000e8c   0x00000018   Code   RO         7950    .text               mf_w.l(dfltul.o)
    0x08000ea4   0x08000ea4   0x00000056   Code   RO         7960    .text               mc_w.l(__dczerorl2.o)
    0x08000efa   0x08000efa   0x00000002   PAD
    0x08000efc   0x08000efc   0x0000001c   Code   RO          625    i.ADC1_2_IRQHandler  stm32g4xx_it.o
    0x08000f18   0x08000f18   0x00000070   Code   RO          792    i.ADC_Disable       stm32g4xx_hal_adc.o
    0x08000f88   0x08000f88   0x00000002   Code   RO          626    i.BusFault_Handler  stm32g4xx_it.o
    0x08000f8a   0x08000f8a   0x00000002   PAD
    0x08000f8c   0x08000f8c   0x0000000c   Code   RO          627    i.DMA1_Channel1_IRQHandler  stm32g4xx_it.o
    0x08000f98   0x08000f98   0x00000040   Code   RO         2068    i.DMA_CalcDMAMUXChannelBaseAndMask  stm32g4xx_hal_dma.o
    0x08000fd8   0x08000fd8   0x00000024   Code   RO         2069    i.DMA_CalcDMAMUXRequestGenBaseAndMask  stm32g4xx_hal_dma.o
    0x08000ffc   0x08000ffc   0x00000002   Code   RO          628    i.DebugMon_Handler  stm32g4xx_it.o
    0x08000ffe   0x08000ffe   0x00000004   Code   RO           13    i.Error_Handler     main.o
    0x08001002   0x08001002   0x00000002   PAD
    0x08001004   0x08001004   0x00000094   Code   RO         1026    i.HAL_ADCEx_Calibration_Start  stm32g4xx_hal_adc_ex.o
    0x08001098   0x08001098   0x00000002   Code   RO         1030    i.HAL_ADCEx_EndOfSamplingCallback  stm32g4xx_hal_adc_ex.o
    0x0800109a   0x0800109a   0x00000002   PAD
    0x0800109c   0x0800109c   0x0000050c   Code   RO         1032    i.HAL_ADCEx_InjectedConfigChannel  stm32g4xx_hal_adc_ex.o
    0x080015a8   0x080015a8   0x000000cc   Code   RO           14    i.HAL_ADCEx_InjectedConvCpltCallback  main.o
    0x08001674   0x08001674   0x00000002   Code   RO         1036    i.HAL_ADCEx_InjectedQueueOverflowCallback  stm32g4xx_hal_adc_ex.o
    0x08001676   0x08001676   0x00000002   Code   RO         1041    i.HAL_ADCEx_LevelOutOfWindow2Callback  stm32g4xx_hal_adc_ex.o
    0x08001678   0x08001678   0x00000002   Code   RO         1042    i.HAL_ADCEx_LevelOutOfWindow3Callback  stm32g4xx_hal_adc_ex.o
    0x0800167a   0x0800167a   0x00000002   PAD
    0x0800167c   0x0800167c   0x000000d8   Code   RO         1043    i.HAL_ADCEx_MultiModeConfigChannel  stm32g4xx_hal_adc_ex.o
    0x08001754   0x08001754   0x00000418   Code   RO          795    i.HAL_ADC_ConfigChannel  stm32g4xx_hal_adc.o
    0x08001b6c   0x08001b6c   0x00000002   Code   RO          796    i.HAL_ADC_ConvCpltCallback  stm32g4xx_hal_adc.o
    0x08001b6e   0x08001b6e   0x00000002   Code   RO          799    i.HAL_ADC_ErrorCallback  stm32g4xx_hal_adc.o
    0x08001b70   0x08001b70   0x0000026c   Code   RO          803    i.HAL_ADC_IRQHandler  stm32g4xx_hal_adc.o
    0x08001ddc   0x08001ddc   0x000001fc   Code   RO          804    i.HAL_ADC_Init      stm32g4xx_hal_adc.o
    0x08001fd8   0x08001fd8   0x00000002   Code   RO          805    i.HAL_ADC_LevelOutOfWindowCallback  stm32g4xx_hal_adc.o
    0x08001fda   0x08001fda   0x00000002   PAD
    0x08001fdc   0x08001fdc   0x00000114   Code   RO          361    i.HAL_ADC_MspInit   adc.o
    0x080020f0   0x080020f0   0x0000006a   Code   RO         2071    i.HAL_DMA_Abort     stm32g4xx_hal_dma.o
    0x0800215a   0x0800215a   0x00000078   Code   RO         2072    i.HAL_DMA_Abort_IT  stm32g4xx_hal_dma.o
    0x080021d2   0x080021d2   0x000000ba   Code   RO         2076    i.HAL_DMA_IRQHandler  stm32g4xx_hal_dma.o
    0x0800228c   0x0800228c   0x000000c0   Code   RO         2077    i.HAL_DMA_Init      stm32g4xx_hal_dma.o
    0x0800234c   0x0800234c   0x00000024   Code   RO         1242    i.HAL_Delay         stm32g4xx_hal.o
    0x08002370   0x08002370   0x00000248   Code   RO         1933    i.HAL_GPIO_Init     stm32g4xx_hal_gpio.o
    0x080025b8   0x080025b8   0x0000000a   Code   RO         1935    i.HAL_GPIO_ReadPin  stm32g4xx_hal_gpio.o
    0x080025c2   0x080025c2   0x0000000a   Code   RO         1937    i.HAL_GPIO_WritePin  stm32g4xx_hal_gpio.o
    0x080025cc   0x080025cc   0x0000000c   Code   RO         1246    i.HAL_GetTick       stm32g4xx_hal.o
    0x080025d8   0x080025d8   0x00000056   Code   RO         3172    i.HAL_I2CEx_ConfigAnalogFilter  stm32g4xx_hal_i2c_ex.o
    0x0800262e   0x0800262e   0x00000052   Code   RO         3173    i.HAL_I2CEx_ConfigDigitalFilter  stm32g4xx_hal_i2c_ex.o
    0x08002680   0x08002680   0x000000b8   Code   RO         2721    i.HAL_I2C_Init      stm32g4xx_hal_i2c.o
    0x08002738   0x08002738   0x00000124   Code   RO         2727    i.HAL_I2C_Master_Receive  stm32g4xx_hal_i2c.o
    0x0800285c   0x0800285c   0x00000124   Code   RO         2734    i.HAL_I2C_Master_Transmit  stm32g4xx_hal_i2c.o
    0x08002980   0x08002980   0x000000a4   Code   RO          434    i.HAL_I2C_MspInit   i2c.o
    0x08002a24   0x08002a24   0x00000010   Code   RO         1249    i.HAL_IncTick       stm32g4xx_hal.o
    0x08002a34   0x08002a34   0x0000001e   Code   RO         1250    i.HAL_Init          stm32g4xx_hal.o
    0x08002a52   0x08002a52   0x00000002   PAD
    0x08002a54   0x08002a54   0x00000088   Code   RO          749    i.HAL_InitTick      stm32g4xx_hal_timebase_tim.o
    0x08002adc   0x08002adc   0x0000003c   Code   RO          725    i.HAL_MspInit       stm32g4xx_hal_msp.o
    0x08002b18   0x08002b18   0x0000001a   Code   RO         2580    i.HAL_NVIC_EnableIRQ  stm32g4xx_hal_cortex.o
    0x08002b32   0x08002b32   0x00000002   PAD
    0x08002b34   0x08002b34   0x00000040   Code   RO         2586    i.HAL_NVIC_SetPriority  stm32g4xx_hal_cortex.o
    0x08002b74   0x08002b74   0x00000024   Code   RO         2587    i.HAL_NVIC_SetPriorityGrouping  stm32g4xx_hal_cortex.o
    0x08002b98   0x08002b98   0x000000f4   Code   RO         3229    i.HAL_OPAMP_Init    stm32g4xx_hal_opamp.o
    0x08002c8c   0x08002c8c   0x00000094   Code   RO          476    i.HAL_OPAMP_MspInit  opamp.o
    0x08002d20   0x08002d20   0x0000002c   Code   RO         3235    i.HAL_OPAMP_Start   stm32g4xx_hal_opamp.o
    0x08002d4c   0x08002d4c   0x000000bc   Code   RO         2336    i.HAL_PWREx_ControlVoltageScaling  stm32g4xx_hal_pwr_ex.o
    0x08002e08   0x08002e08   0x00000010   Code   RO         2348    i.HAL_PWREx_DisableUCPDDeadBattery  stm32g4xx_hal_pwr_ex.o
    0x08002e18   0x08002e18   0x00000288   Code   RO         1595    i.HAL_RCCEx_PeriphCLKConfig  stm32g4xx_hal_rcc_ex.o
    0x080030a0   0x080030a0   0x000001dc   Code   RO         1470    i.HAL_RCC_ClockConfig  stm32g4xx_hal_rcc.o
    0x0800327c   0x0800327c   0x00000040   Code   RO         1475    i.HAL_RCC_GetClockConfig  stm32g4xx_hal_rcc.o
    0x080032bc   0x080032bc   0x00000024   Code   RO         1478    i.HAL_RCC_GetPCLK1Freq  stm32g4xx_hal_rcc.o
    0x080032e0   0x080032e0   0x00000024   Code   RO         1479    i.HAL_RCC_GetPCLK2Freq  stm32g4xx_hal_rcc.o
    0x08003304   0x08003304   0x00000070   Code   RO         1480    i.HAL_RCC_GetSysClockFreq  stm32g4xx_hal_rcc.o
    0x08003374   0x08003374   0x0000040c   Code   RO         1483    i.HAL_RCC_OscConfig  stm32g4xx_hal_rcc.o
    0x08003780   0x08003780   0x00000002   Code   RO         4050    i.HAL_TIMEx_Break2Callback  stm32g4xx_hal_tim_ex.o
    0x08003782   0x08003782   0x00000002   Code   RO         4051    i.HAL_TIMEx_BreakCallback  stm32g4xx_hal_tim_ex.o
    0x08003784   0x08003784   0x00000002   Code   RO         4052    i.HAL_TIMEx_CommutCallback  stm32g4xx_hal_tim_ex.o
    0x08003786   0x08003786   0x00000002   PAD
    0x08003788   0x08003788   0x000000ac   Code   RO         4055    i.HAL_TIMEx_ConfigBreakDeadTime  stm32g4xx_hal_tim_ex.o
    0x08003834   0x08003834   0x00000002   Code   RO         4063    i.HAL_TIMEx_DirectionChangeCallback  stm32g4xx_hal_tim_ex.o
    0x08003836   0x08003836   0x0000000e   Code   RO         4073    i.HAL_TIMEx_EnableDeadTimePreload  stm32g4xx_hal_tim_ex.o
    0x08003844   0x08003844   0x00000002   Code   RO         4077    i.HAL_TIMEx_EncoderIndexCallback  stm32g4xx_hal_tim_ex.o
    0x08003846   0x08003846   0x00000002   Code   RO         4091    i.HAL_TIMEx_IndexErrorCallback  stm32g4xx_hal_tim_ex.o
    0x08003848   0x08003848   0x0000009c   Code   RO         4092    i.HAL_TIMEx_MasterConfigSynchronization  stm32g4xx_hal_tim_ex.o
    0x080038e4   0x080038e4   0x000000b8   Code   RO         4104    i.HAL_TIMEx_PWMN_Start  stm32g4xx_hal_tim_ex.o
    0x0800399c   0x0800399c   0x00000068   Code   RO         4107    i.HAL_TIMEx_PWMN_Stop  stm32g4xx_hal_tim_ex.o
    0x08003a04   0x08003a04   0x00000002   Code   RO         4113    i.HAL_TIMEx_TransitionErrorCallback  stm32g4xx_hal_tim_ex.o
    0x08003a06   0x08003a06   0x00000062   Code   RO         3336    i.HAL_TIM_Base_Init  stm32g4xx_hal_tim.o
    0x08003a68   0x08003a68   0x00000084   Code   RO          530    i.HAL_TIM_Base_MspInit  tim.o
    0x08003aec   0x08003aec   0x0000006c   Code   RO         3339    i.HAL_TIM_Base_Start  stm32g4xx_hal_tim.o
    0x08003b58   0x08003b58   0x00000078   Code   RO         3341    i.HAL_TIM_Base_Start_IT  stm32g4xx_hal_tim.o
    0x08003bd0   0x08003bd0   0x00000026   Code   RO         3342    i.HAL_TIM_Base_Stop  stm32g4xx_hal_tim.o
    0x08003bf6   0x08003bf6   0x00000002   PAD
    0x08003bf8   0x08003bf8   0x00000100   Code   RO         3345    i.HAL_TIM_ConfigClockSource  stm32g4xx_hal_tim.o
    0x08003cf8   0x08003cf8   0x00000002   Code   RO         3370    i.HAL_TIM_IC_CaptureCallback  stm32g4xx_hal_tim.o
    0x08003cfa   0x08003cfa   0x000001fc   Code   RO         3384    i.HAL_TIM_IRQHandler  stm32g4xx_hal_tim.o
    0x08003ef6   0x08003ef6   0x00000002   PAD
    0x08003ef8   0x08003ef8   0x00000094   Code   RO          531    i.HAL_TIM_MspPostInit  tim.o
    0x08003f8c   0x08003f8c   0x00000002   Code   RO         3387    i.HAL_TIM_OC_DelayElapsedCallback  stm32g4xx_hal_tim.o
    0x08003f8e   0x08003f8e   0x00000124   Code   RO         3408    i.HAL_TIM_PWM_ConfigChannel  stm32g4xx_hal_tim.o
    0x080040b2   0x080040b2   0x00000062   Code   RO         3411    i.HAL_TIM_PWM_Init  stm32g4xx_hal_tim.o
    0x08004114   0x08004114   0x00000002   Code   RO         3413    i.HAL_TIM_PWM_MspInit  stm32g4xx_hal_tim.o
    0x08004116   0x08004116   0x00000002   Code   RO         3414    i.HAL_TIM_PWM_PulseFinishedCallback  stm32g4xx_hal_tim.o
    0x08004118   0x08004118   0x000000fc   Code   RO         3416    i.HAL_TIM_PWM_Start  stm32g4xx_hal_tim.o
    0x08004214   0x08004214   0x000000ac   Code   RO         3419    i.HAL_TIM_PWM_Stop  stm32g4xx_hal_tim.o
    0x080042c0   0x080042c0   0x00000050   Code   RO           15    i.HAL_TIM_PeriodElapsedCallback  main.o
    0x08004310   0x08004310   0x00000002   Code   RO         3427    i.HAL_TIM_TriggerCallback  stm32g4xx_hal_tim.o
    0x08004312   0x08004312   0x0000003e   Code   RO         4899    i.HAL_UARTEx_DisableFifoMode  stm32g4xx_hal_uart_ex.o
    0x08004350   0x08004350   0x00000002   Code   RO         4488    i.HAL_UARTEx_RxEventCallback  stm32g4xx_hal_uart.o
    0x08004352   0x08004352   0x00000002   Code   RO         4906    i.HAL_UARTEx_RxFifoFullCallback  stm32g4xx_hal_uart_ex.o
    0x08004354   0x08004354   0x0000004c   Code   RO         4907    i.HAL_UARTEx_SetRxFifoThreshold  stm32g4xx_hal_uart_ex.o
    0x080043a0   0x080043a0   0x0000004c   Code   RO         4908    i.HAL_UARTEx_SetTxFifoThreshold  stm32g4xx_hal_uart_ex.o
    0x080043ec   0x080043ec   0x00000002   Code   RO         4910    i.HAL_UARTEx_TxFifoEmptyCallback  stm32g4xx_hal_uart_ex.o
    0x080043ee   0x080043ee   0x00000002   Code   RO         4911    i.HAL_UARTEx_WakeupCallback  stm32g4xx_hal_uart_ex.o
    0x080043f0   0x080043f0   0x00000002   Code   RO         4504    i.HAL_UART_ErrorCallback  stm32g4xx_hal_uart.o
    0x080043f2   0x080043f2   0x00000002   PAD
    0x080043f4   0x080043f4   0x000002e0   Code   RO         4507    i.HAL_UART_IRQHandler  stm32g4xx_hal_uart.o
    0x080046d4   0x080046d4   0x0000006a   Code   RO         4508    i.HAL_UART_Init     stm32g4xx_hal_uart.o
    0x0800473e   0x0800473e   0x00000002   PAD
    0x08004740   0x08004740   0x000000c4   Code   RO          584    i.HAL_UART_MspInit  usart.o
    0x08004804   0x08004804   0x00000054   Code   RO         4513    i.HAL_UART_Receive_IT  stm32g4xx_hal_uart.o
    0x08004858   0x08004858   0x00000030   Code   RO         5492    i.HAL_UART_RxCpltCallback  comm.o
    0x08004888   0x08004888   0x00000002   Code   RO         4520    i.HAL_UART_TxCpltCallback  stm32g4xx_hal_uart.o
    0x0800488a   0x0800488a   0x00000002   Code   RO          629    i.HardFault_Handler  stm32g4xx_it.o
    0x0800488c   0x0800488c   0x00000022   Code   RO         2768    i.I2C_Flush_TXDR    stm32g4xx_hal_i2c.o
    0x080048ae   0x080048ae   0x00000002   PAD
    0x080048b0   0x080048b0   0x00000120   Code   RO         2776    i.I2C_IsErrorOccurred  stm32g4xx_hal_i2c.o
    0x080049d0   0x080049d0   0x00000030   Code   RO         2783    i.I2C_TransferConfig  stm32g4xx_hal_i2c.o
    0x08004a00   0x08004a00   0x00000058   Code   RO         2785    i.I2C_WaitOnFlagUntilTimeout  stm32g4xx_hal_i2c.o
    0x08004a58   0x08004a58   0x0000009c   Code   RO         2786    i.I2C_WaitOnRXNEFlagUntilTimeout  stm32g4xx_hal_i2c.o
    0x08004af4   0x08004af4   0x0000004c   Code   RO         2787    i.I2C_WaitOnSTOPFlagUntilTimeout  stm32g4xx_hal_i2c.o
    0x08004b40   0x08004b40   0x00000050   Code   RO         2788    i.I2C_WaitOnTXISFlagUntilTimeout  stm32g4xx_hal_i2c.o
    0x08004b90   0x08004b90   0x00000038   Code   RO         5609    i.LED_drive         led.o
    0x08004bc8   0x08004bc8   0x0000000c   Code   RO          818    i.LL_ADC_GetOffsetChannel  stm32g4xx_hal_adc.o
    0x08004bd4   0x08004bd4   0x0000000c   Code   RO         1051    i.LL_ADC_GetOffsetChannel  stm32g4xx_hal_adc_ex.o
    0x08004be0   0x08004be0   0x00000008   Code   RO          819    i.LL_ADC_INJ_IsConversionOngoing  stm32g4xx_hal_adc.o
    0x08004be8   0x08004be8   0x00000008   Code   RO         1052    i.LL_ADC_INJ_IsConversionOngoing  stm32g4xx_hal_adc_ex.o
    0x08004bf0   0x08004bf0   0x00000008   Code   RO          820    i.LL_ADC_REG_IsConversionOngoing  stm32g4xx_hal_adc.o
    0x08004bf8   0x08004bf8   0x00000008   Code   RO         1053    i.LL_ADC_REG_IsConversionOngoing  stm32g4xx_hal_adc_ex.o
    0x08004c00   0x08004c00   0x00000010   Code   RO          821    i.LL_ADC_REG_IsTriggerSourceSWStart  stm32g4xx_hal_adc.o
    0x08004c10   0x08004c10   0x0000001e   Code   RO          823    i.LL_ADC_SetChannelSamplingTime  stm32g4xx_hal_adc.o
    0x08004c2e   0x08004c2e   0x0000001e   Code   RO         1054    i.LL_ADC_SetChannelSamplingTime  stm32g4xx_hal_adc_ex.o
    0x08004c4c   0x08004c4c   0x00000010   Code   RO          824    i.LL_ADC_SetOffsetState  stm32g4xx_hal_adc.o
    0x08004c5c   0x08004c5c   0x00000010   Code   RO         1055    i.LL_ADC_SetOffsetState  stm32g4xx_hal_adc_ex.o
    0x08004c6c   0x08004c6c   0x000000f4   Code   RO          362    i.MX_ADC1_Init      adc.o
    0x08004d60   0x08004d60   0x000000c0   Code   RO          363    i.MX_ADC2_Init      adc.o
    0x08004e20   0x08004e20   0x0000003c   Code   RO          409    i.MX_DMA_Init       dma.o
    0x08004e5c   0x08004e5c   0x00000020   Code   RO          317    i.MX_FREERTOS_Init  app_freertos.o
    0x08004e7c   0x08004e7c   0x000000bc   Code   RO          293    i.MX_GPIO_Init      gpio.o
    0x08004f38   0x08004f38   0x00000058   Code   RO          435    i.MX_I2C1_Init      i2c.o
    0x08004f90   0x08004f90   0x00000034   Code   RO          477    i.MX_OPAMP1_Init    opamp.o
    0x08004fc4   0x08004fc4   0x00000034   Code   RO          478    i.MX_OPAMP2_Init    opamp.o
    0x08004ff8   0x08004ff8   0x00000034   Code   RO          479    i.MX_OPAMP3_Init    opamp.o
    0x0800502c   0x0800502c   0x00000124   Code   RO          532    i.MX_TIM1_Init      tim.o
    0x08005150   0x08005150   0x00000048   Code   RO          533    i.MX_TIM6_Init      tim.o
    0x08005198   0x08005198   0x00000068   Code   RO          585    i.MX_USART3_UART_Init  usart.o
    0x08005200   0x08005200   0x00000002   Code   RO          630    i.MemManage_Handler  stm32g4xx_it.o
    0x08005202   0x08005202   0x00000002   Code   RO          631    i.NMI_Handler       stm32g4xx_it.o
    0x08005204   0x08005204   0x000001c4   Code   RO         5119    i.PID_operator      pid.o
    0x080053c8   0x080053c8   0x000000f0   Code   RO         5150    i.SinApprox         math_utils.o
    0x080054b8   0x080054b8   0x00000018   Code   RO         5151    i.SqrtApprox        math_utils.o
    0x080054d0   0x080054d0   0x00000018   Code   RO          318    i.StartDefaultTask  app_freertos.o
    0x080054e8   0x080054e8   0x0000001a   Code   RO         6880    i.SysTick_Handler   cmsis_os2.o
    0x08005502   0x08005502   0x00000064   Code   RO           16    i.SystemClock_Config  main.o
    0x08005566   0x08005566   0x00000002   PAD
    0x08005568   0x08005568   0x00000010   Code   RO         5012    i.SystemInit        system_stm32g4xx.o
    0x08005578   0x08005578   0x0000000c   Code   RO          632    i.TIM1_BRK_TIM15_IRQHandler  stm32g4xx_it.o
    0x08005584   0x08005584   0x0000001c   Code   RO          633    i.TIM1_TRG_COM_TIM17_IRQHandler  stm32g4xx_it.o
    0x080055a0   0x080055a0   0x0000000c   Code   RO          634    i.TIM1_UP_TIM16_IRQHandler  stm32g4xx_it.o
    0x080055ac   0x080055ac   0x0000000c   Code   RO          635    i.TIM6_DAC_IRQHandler  stm32g4xx_it.o
    0x080055b8   0x080055b8   0x000000b0   Code   RO         3429    i.TIM_Base_SetConfig  stm32g4xx_hal_tim.o
    0x08005668   0x08005668   0x0000001a   Code   RO         3430    i.TIM_CCxChannelCmd  stm32g4xx_hal_tim.o
    0x08005682   0x08005682   0x0000001a   Code   RO         4116    i.TIM_CCxNChannelCmd  stm32g4xx_hal_tim_ex.o
    0x0800569c   0x0800569c   0x00000014   Code   RO         3440    i.TIM_ETR_SetConfig  stm32g4xx_hal_tim.o
    0x080056b0   0x080056b0   0x00000014   Code   RO         3441    i.TIM_ITRx_SetConfig  stm32g4xx_hal_tim.o
    0x080056c4   0x080056c4   0x0000009c   Code   RO         3442    i.TIM_OC1_SetConfig  stm32g4xx_hal_tim.o
    0x08005760   0x08005760   0x00000090   Code   RO         3443    i.TIM_OC2_SetConfig  stm32g4xx_hal_tim.o
    0x080057f0   0x080057f0   0x00000090   Code   RO         3444    i.TIM_OC3_SetConfig  stm32g4xx_hal_tim.o
    0x08005880   0x08005880   0x00000090   Code   RO         3445    i.TIM_OC4_SetConfig  stm32g4xx_hal_tim.o
    0x08005910   0x08005910   0x00000070   Code   RO         3446    i.TIM_OC5_SetConfig  stm32g4xx_hal_tim.o
    0x08005980   0x08005980   0x00000070   Code   RO         3447    i.TIM_OC6_SetConfig  stm32g4xx_hal_tim.o
    0x080059f0   0x080059f0   0x00000022   Code   RO         3449    i.TIM_TI1_ConfigInputStage  stm32g4xx_hal_tim.o
    0x08005a12   0x08005a12   0x00000024   Code   RO         3451    i.TIM_TI2_ConfigInputStage  stm32g4xx_hal_tim.o
    0x08005a36   0x08005a36   0x00000002   PAD
    0x08005a38   0x08005a38   0x00000034   Code   RO         5385    i.ThreadCtrlLoop    bldcmotor.o
    0x08005a6c   0x08005a6c   0x00000044   Code   RO         4912    i.UARTEx_SetNbDataToProcess  stm32g4xx_hal_uart_ex.o
    0x08005ab0   0x08005ab0   0x000000c8   Code   RO         4522    i.UART_AdvFeatureConfig  stm32g4xx_hal_uart.o
    0x08005b78   0x08005b78   0x00000060   Code   RO         4523    i.UART_CheckIdleState  stm32g4xx_hal_uart.o
    0x08005bd8   0x08005bd8   0x00000014   Code   RO         4524    i.UART_DMAAbortOnError  stm32g4xx_hal_uart.o
    0x08005bec   0x08005bec   0x00000054   Code   RO         4534    i.UART_EndRxTransfer  stm32g4xx_hal_uart.o
    0x08005c40   0x08005c40   0x000000a2   Code   RO         4536    i.UART_RxISR_16BIT  stm32g4xx_hal_uart.o
    0x08005ce2   0x08005ce2   0x00000002   PAD
    0x08005ce4   0x08005ce4   0x00000174   Code   RO         4537    i.UART_RxISR_16BIT_FIFOEN  stm32g4xx_hal_uart.o
    0x08005e58   0x08005e58   0x000000a2   Code   RO         4538    i.UART_RxISR_8BIT   stm32g4xx_hal_uart.o
    0x08005efa   0x08005efa   0x00000002   PAD
    0x08005efc   0x08005efc   0x00000174   Code   RO         4539    i.UART_RxISR_8BIT_FIFOEN  stm32g4xx_hal_uart.o
    0x08006070   0x08006070   0x00000274   Code   RO         4540    i.UART_SetConfig    stm32g4xx_hal_uart.o
    0x080062e4   0x080062e4   0x00000118   Code   RO         4542    i.UART_Start_Receive_IT  stm32g4xx_hal_uart.o
    0x080063fc   0x080063fc   0x000000c6   Code   RO         4547    i.UART_WaitOnFlagUntilTimeout  stm32g4xx_hal_uart.o
    0x080064c2   0x080064c2   0x00000002   PAD
    0x080064c4   0x080064c4   0x0000000c   Code   RO          636    i.USART3_IRQHandler  stm32g4xx_it.o
    0x080064d0   0x080064d0   0x00000002   Code   RO          637    i.UsageFault_Handler  stm32g4xx_it.o
    0x080064d2   0x080064d2   0x00000002   PAD
    0x080064d4   0x080064d4   0x00000020   Code   RO         7807    i.__0printf         mc_w.l(printfa.o)
    0x080064f4   0x080064f4   0x00000028   Code   RO         7809    i.__0sprintf        mc_w.l(printfa.o)
    0x0800651c   0x0800651c   0x00000030   Code   RO         7933    i.__ARM_fpclassify  m_wm.l(fpclassify.o)
    0x0800654c   0x0800654c   0x00000020   Code   RO         2593    i.__NVIC_SetPriority  stm32g4xx_hal_cortex.o
    0x0800656c   0x0800656c   0x00000004   PAD
    0x08006570   0x08006570   0x000002d8   Code   RO         7847    i.__hardfp_atan     m_wm.l(atan.o)
    0x08006848   0x08006848   0x00000200   Code   RO         7525    i.__hardfp_atan2    m_wm.l(atan2.o)
    0x08006a48   0x08006a48   0x00000038   Code   RO         7537    i.__hardfp_atof     m_wm.l(atof.o)
    0x08006a80   0x08006a80   0x00000118   Code   RO         7543    i.__hardfp_floor    m_wm.l(floor.o)
    0x08006b98   0x08006b98   0x00000104   Code   RO         7549    i.__hardfp_fmod     m_wm.l(fmod.o)
    0x08006c9c   0x08006c9c   0x000000f8   Code   RO         7935    i.__kernel_poly     m_wm.l(poly.o)
    0x08006d94   0x08006d94   0x00000014   Code   RO         7862    i.__mathlib_dbl_infnan  m_wm.l(dunder.o)
    0x08006da8   0x08006da8   0x00000014   Code   RO         7863    i.__mathlib_dbl_infnan2  m_wm.l(dunder.o)
    0x08006dbc   0x08006dbc   0x00000004   PAD
    0x08006dc0   0x08006dc0   0x00000020   Code   RO         7864    i.__mathlib_dbl_invalid  m_wm.l(dunder.o)
    0x08006de0   0x08006de0   0x00000020   Code   RO         7867    i.__mathlib_dbl_underflow  m_wm.l(dunder.o)
    0x08006e00   0x08006e00   0x0000000c   Code   RO         7908    i.__read_errno      mc_w.l(errno.o)
    0x08006e0c   0x08006e0c   0x0000000e   Code   RO         7954    i.__scatterload_copy  mc_w.l(handlers.o)
    0x08006e1a   0x08006e1a   0x00000002   Code   RO         7955    i.__scatterload_null  mc_w.l(handlers.o)
    0x08006e1c   0x08006e1c   0x0000000e   Code   RO         7956    i.__scatterload_zeroinit  mc_w.l(handlers.o)
    0x08006e2a   0x08006e2a   0x00000002   PAD
    0x08006e2c   0x08006e2c   0x0000000c   Code   RO         7909    i.__set_errno       mc_w.l(errno.o)
    0x08006e38   0x08006e38   0x00000184   Code   RO         7814    i._fp_digits        mc_w.l(printfa.o)
    0x08006fbc   0x08006fbc   0x0000000e   Code   RO         7943    i._is_digit         mc_w.l(scanf_fp.o)
    0x08006fca   0x08006fca   0x00000002   PAD
    0x08006fcc   0x08006fcc   0x000006b4   Code   RO         7815    i._printf_core      mc_w.l(printfa.o)
    0x08007680   0x08007680   0x00000024   Code   RO         7816    i._printf_post_padding  mc_w.l(printfa.o)
    0x080076a4   0x080076a4   0x0000002e   Code   RO         7817    i._printf_pre_padding  mc_w.l(printfa.o)
    0x080076d2   0x080076d2   0x0000000a   Code   RO         7819    i._sputc            mc_w.l(printfa.o)
    0x080076dc   0x080076dc   0x00000344   Code   RO         5302    i.alignSensor       sensor.o
    0x08007a20   0x08007a20   0x000000dc   Code   RO         5386    i.angleOpenloop     bldcmotor.o
    0x08007afc   0x08007afc   0x00000050   Code   RO         5639    i.appRunning        app.o
    0x08007b4c   0x08007b4c   0x00000018   Code   RO         5640    i.appRunningLoop    app.o
    0x08007b64   0x08007b64   0x00000038   Code   RO         5225    i.as5600GetRawAngle  as5600.o
    0x08007b9c   0x08007b9c   0x00000010   Code   RO         7849    i.atan              m_wm.l(atan.o)
    0x08007bac   0x08007bac   0x00000150   Code   RO         5493    i.commander_run     comm.o
    0x08007cfc   0x08007cfc   0x00000014   Code   RO         5494    i.communicationLoop  comm.o
    0x08007d10   0x08007d10   0x00000030   Code   RO         5257    i.delay             time_utils.o
    0x08007d40   0x08007d40   0x00000018   Code   RO         7877    i.fabs              m_wm.l(fabs.o)
    0x08007d58   0x08007d58   0x00000018   Code   RO           17    i.fputc             main.o
    0x08007d70   0x08007d70   0x000000c8   Code   RO         5303    i.getAngle          sensor.o
    0x08007e38   0x08007e38   0x00000034   Code   RO         5304    i.getElectricalAngle  sensor.o
    0x08007e6c   0x08007e6c   0x0000009c   Code   RO         5561    i.getKeyFlags       key.o
    0x08007f08   0x08007f08   0x00000044   Code   RO         5562    i.getKeyState       key.o
    0x08007f4c   0x08007f4c   0x0000000c   Code   RO         5306    i.getRawCount       sensor.o
    0x08007f58   0x08007f58   0x00000028   Code   RO         5307    i.getShaftAngle     sensor.o
    0x08007f80   0x08007f80   0x00000030   Code   RO         5308    i.getShaftVelocity  sensor.o
    0x08007fb0   0x08007fb0   0x00000068   Code   RO         5309    i.getVelocity       sensor.o
    0x08008018   0x08008018   0x000001d0   Code   RO         5563    i.keyScan           key.o
    0x080081e8   0x080081e8   0x00000020   Code   RO         5564    i.keyScanLoop       key.o
    0x08008208   0x08008208   0x0000001c   Code   RO         5194    i.lowPassFilterInit  lowpassfilter.o
    0x08008224   0x08008224   0x00000088   Code   RO         5195    i.lowPassFiltering  lowpassfilter.o
    0x080082ac   0x080082ac   0x000000bc   Code   RO         5310    i.magneticSensorInit  sensor.o
    0x08008368   0x08008368   0x000000e0   Code   RO           18    i.main              main.o
    0x08008448   0x08008448   0x00000058   Code   RO         5259    i.micros            time_utils.o
    0x080084a0   0x080084a0   0x000000cc   Code   RO         5387    i.motorInit         bldcmotor.o
    0x0800856c   0x0800856c   0x0000011c   Code   RO         5389    i.motorTick         bldcmotor.o
    0x08008688   0x08008688   0x00000044   Code   RO         5153    i.normalizeAngle    math_utils.o
    0x080086cc   0x080086cc   0x0000001a   Code   RO         6882    i.osDelay           cmsis_os2.o
    0x080086e6   0x080086e6   0x00000002   PAD
    0x080086e8   0x080086e8   0x00000024   Code   RO         6896    i.osKernelInitialize  cmsis_os2.o
    0x0800870c   0x0800870c   0x00000038   Code   RO         6899    i.osKernelStart     cmsis_os2.o
    0x08008744   0x08008744   0x0000008a   Code   RO         6941    i.osThreadNew       cmsis_os2.o
    0x080087ce   0x080087ce   0x00000002   PAD
    0x080087d0   0x080087d0   0x00000030   Code   RO         5120    i.pidInit           pid.o
    0x08008800   0x08008800   0x00000080   Code   RO         5495    i.printLog          comm.o
    0x08008880   0x08008880   0x0000005c   Code   RO         6341    i.prvAddCurrentTaskToDelayedList  tasks.o
    0x080088dc   0x080088dc   0x000000d0   Code   RO         6342    i.prvAddNewTaskToReadyList  tasks.o
    0x080089ac   0x080089ac   0x00000058   Code   RO         6706    i.prvCheckForValidListAndQueue  timers.o
    0x08008a04   0x08008a04   0x00000026   Code   RO         5938    i.prvCopyDataFromQueue  queue.o
    0x08008a2a   0x08008a2a   0x0000006c   Code   RO         5939    i.prvCopyDataToQueue  queue.o
    0x08008a96   0x08008a96   0x00000034   Code   RO         6343    i.prvDeleteTCB      tasks.o
    0x08008aca   0x08008aca   0x00000002   PAD
    0x08008acc   0x08008acc   0x00000048   Code   RO         7393    i.prvHeapInit       heap_4.o
    0x08008b14   0x08008b14   0x00000060   Code   RO         6344    i.prvIdleTask       tasks.o
    0x08008b74   0x08008b74   0x00000022   Code   RO         5941    i.prvInitialiseNewQueue  queue.o
    0x08008b96   0x08008b96   0x00000002   PAD
    0x08008b98   0x08008b98   0x000000b0   Code   RO         6345    i.prvInitialiseNewTask  tasks.o
    0x08008c48   0x08008c48   0x0000004c   Code   RO         7394    i.prvInsertBlockIntoFreeList  heap_4.o
    0x08008c94   0x08008c94   0x00000038   Code   RO         6708    i.prvInsertTimerInActiveList  timers.o
    0x08008ccc   0x08008ccc   0x0000001c   Code   RO         5942    i.prvIsQueueEmpty   queue.o
    0x08008ce8   0x08008ce8   0x000000fc   Code   RO         6709    i.prvProcessReceivedCommands  timers.o
    0x08008de4   0x08008de4   0x000000c0   Code   RO         6710    i.prvProcessTimerOrBlockTask  timers.o
    0x08008ea4   0x08008ea4   0x00000020   Code   RO         6347    i.prvResetNextTaskUnblockTime  tasks.o
    0x08008ec4   0x08008ec4   0x00000028   Code   RO         6711    i.prvSampleTimeNow  timers.o
    0x08008eec   0x08008eec   0x0000006c   Code   RO         6712    i.prvSwitchTimerLists  timers.o
    0x08008f58   0x08008f58   0x00000028   Code   RO         7449    i.prvTaskExitError  port.o
    0x08008f80   0x08008f80   0x00000024   Code   RO         6713    i.prvTimerTask      timers.o
    0x08008fa4   0x08008fa4   0x0000006a   Code   RO         5943    i.prvUnlockQueue    queue.o
    0x0800900e   0x0800900e   0x00000002   PAD
    0x08009010   0x08009010   0x000000dc   Code   RO         7395    i.pvPortMalloc      heap_4.o
    0x080090ec   0x080090ec   0x0000002c   Code   RO         7450    i.pxPortInitialiseStack  port.o
    0x08009118   0x08009118   0x0000025c   Code   RO         5052    i.setPhaseVoltage   foc.o
    0x08009374   0x08009374   0x00000088   Code   RO         5641    i.standingBy        app.o
    0x080093fc   0x080093fc   0x00000040   Code   RO         5496    i.uartRcv           comm.o
    0x0800943c   0x0800943c   0x00000068   Code   RO         6351    i.ulTaskNotifyTake  tasks.o
    0x080094a4   0x080094a4   0x0000008c   Code   RO         5450    i.userMain          usermain.o
    0x08009530   0x08009530   0x00000026   Code   RO         5898    i.uxListRemove      list.o
    0x08009556   0x08009556   0x00000002   PAD
    0x08009558   0x08009558   0x00000014   Code   RO         6953    i.vApplicationGetIdleTaskMemory  cmsis_os2.o
    0x0800956c   0x0800956c   0x00000018   Code   RO         6954    i.vApplicationGetTimerTaskMemory  cmsis_os2.o
    0x08009584   0x08009584   0x00000016   Code   RO         5899    i.vListInitialise   list.o
    0x0800959a   0x0800959a   0x00000006   Code   RO         5900    i.vListInitialiseItem  list.o
    0x080095a0   0x080095a0   0x00000030   Code   RO         5901    i.vListInsert       list.o
    0x080095d0   0x080095d0   0x00000018   Code   RO         5902    i.vListInsertEnd    list.o
    0x080095e8   0x080095e8   0x00000040   Code   RO         7452    i.vPortEnterCritical  port.o
    0x08009628   0x08009628   0x00000028   Code   RO         7453    i.vPortExitCritical  port.o
    0x08009650   0x08009650   0x00000064   Code   RO         7396    i.vPortFree         heap_4.o
    0x080096b4   0x080096b4   0x00000024   Code   RO         7454    i.vPortSetupTimerInterrupt  port.o
    0x080096d8   0x080096d8   0x00000054   Code   RO         7455    i.vPortValidateInterruptPriority  port.o
    0x0800972c   0x0800972c   0x00000028   Code   RO         5949    i.vQueueAddToRegistry  queue.o
    0x08009754   0x08009754   0x00000044   Code   RO         5953    i.vQueueWaitForMessageRestricted  queue.o
    0x08009798   0x08009798   0x0000004c   Code   RO         6360    i.vTaskDelay        tasks.o
    0x080097e4   0x080097e4   0x00000090   Code   RO         6362    i.vTaskDelete       tasks.o
    0x08009874   0x08009874   0x00000010   Code   RO         6365    i.vTaskInternalSetTimeOutState  tasks.o
    0x08009884   0x08009884   0x0000000c   Code   RO         6366    i.vTaskMissedYield  tasks.o
    0x08009890   0x08009890   0x000000b0   Code   RO         6367    i.vTaskNotifyGiveFromISR  tasks.o
    0x08009940   0x08009940   0x00000030   Code   RO         6368    i.vTaskPlaceOnEventList  tasks.o
    0x08009970   0x08009970   0x00000038   Code   RO         6369    i.vTaskPlaceOnEventListRestricted  tasks.o
    0x080099a8   0x080099a8   0x00000088   Code   RO         6377    i.vTaskStartScheduler  tasks.o
    0x08009a30   0x08009a30   0x00000010   Code   RO         6379    i.vTaskSuspendAll   tasks.o
    0x08009a40   0x08009a40   0x00000064   Code   RO         6380    i.vTaskSwitchContext  tasks.o
    0x08009aa4   0x08009aa4   0x00000088   Code   RO         5390    i.velocityOpenloop  bldcmotor.o
    0x08009b2c   0x08009b2c   0x00000074   Code   RO         5642    i.working           app.o
    0x08009ba0   0x08009ba0   0x000000f4   Code   RO         7456    i.xPortStartScheduler  port.o
    0x08009c94   0x08009c94   0x0000002c   Code   RO         7457    i.xPortSysTickHandler  port.o
    0x08009cc0   0x08009cc0   0x00000066   Code   RO         5959    i.xQueueGenericCreateStatic  queue.o
    0x08009d26   0x08009d26   0x00000002   PAD
    0x08009d28   0x08009d28   0x00000088   Code   RO         5960    i.xQueueGenericReset  queue.o
    0x08009db0   0x08009db0   0x00000160   Code   RO         5961    i.xQueueGenericSend  queue.o
    0x08009f10   0x08009f10   0x000000be   Code   RO         5962    i.xQueueGenericSendFromISR  queue.o
    0x08009fce   0x08009fce   0x00000002   PAD
    0x08009fd0   0x08009fd0   0x00000138   Code   RO         5971    i.xQueueReceive     queue.o
    0x0800a108   0x0800a108   0x00000074   Code   RO         6382    i.xTaskCheckForTimeOut  tasks.o
    0x0800a17c   0x0800a17c   0x0000005a   Code   RO         6383    i.xTaskCreate       tasks.o
    0x0800a1d6   0x0800a1d6   0x00000056   Code   RO         6384    i.xTaskCreateStatic  tasks.o
    0x0800a22c   0x0800a22c   0x0000001c   Code   RO         6388    i.xTaskGetSchedulerState  tasks.o
    0x0800a248   0x0800a248   0x0000000c   Code   RO         6389    i.xTaskGetTickCount  tasks.o
    0x0800a254   0x0800a254   0x000000c8   Code   RO         6391    i.xTaskIncrementTick  tasks.o
    0x0800a31c   0x0800a31c   0x00000080   Code   RO         6394    i.xTaskPriorityDisinherit  tasks.o
    0x0800a39c   0x0800a39c   0x00000070   Code   RO         6396    i.xTaskRemoveFromEventList  tasks.o
    0x0800a40c   0x0800a40c   0x000000c4   Code   RO         6397    i.xTaskResumeAll    tasks.o
    0x0800a4d0   0x0800a4d0   0x00000060   Code   RO         6722    i.xTimerCreateTimerTask  timers.o
    0x0800a530   0x0800a530   0x00000068   Code   RO         6723    i.xTimerGenericCommand  timers.o
    0x0800a598   0x0800a598   0x00000024   Data   RO          319    .constdata          app_freertos.o
    0x0800a5bc   0x0800a5bc   0x00000018   Data   RO         4548    .constdata          stm32g4xx_hal_uart.o
    0x0800a5d4   0x0800a5d4   0x00000010   Data   RO         4913    .constdata          stm32g4xx_hal_uart_ex.o
    0x0800a5e4   0x0800a5e4   0x00000010   Data   RO         5013    .constdata          system_stm32g4xx.o
    0x0800a5f4   0x0800a5f4   0x00000008   Data   RO         5014    .constdata          system_stm32g4xx.o
    0x0800a5fc   0x0800a5fc   0x00000320   Data   RO         5154    .constdata          math_utils.o
    0x0800a91c   0x0800a91c   0x00000090   Data   RO         5451    .constdata          usermain.o
    0x0800a9ac   0x0800a9ac   0x00000004   PAD
    0x0800a9b0   0x0800a9b0   0x00000098   Data   RO         7850    .constdata          m_wm.l(atan.o)
    0x0800aa48   0x0800aa48   0x00000008   Data   RO         7881    .constdata          m_wm.l(qnan.o)
    0x0800aa50   0x0800aa50   0x00000040   Data   RO         7948    .constdata          mc_w.l(ctype_c.o)
    0x0800aa90   0x0800aa90   0x0000000c   Data   RO          320    .conststring        app_freertos.o
    0x0800aa9c   0x0800aa9c   0x0000002c   Data   RO         5452    .conststring        usermain.o
    0x0800aac8   0x0800aac8   0x00000020   Data   RO         7952    Region$$Table       anon$$obj.o


    Execution Region RW_IRAM1 (Exec base: 0x20000000, Load base: 0x0800aae8, Size: 0x00006560, Max: 0x00008000, ABSOLUTE, COMPRESSED[0x00000010])

    Exec Addr    Load Addr    Size         Type   Attr      Idx    E Section Name        Object

    0x20000000   COMPRESSED   0x0000001c   Data   RW           20    .data               main.o
    0x2000001c   COMPRESSED   0x00000004   Data   RW          321    .data               app_freertos.o
    0x20000020   COMPRESSED   0x00000004   Data   RW          365    .data               adc.o
    0x20000024   COMPRESSED   0x0000000c   Data   RW         1270    .data               stm32g4xx_hal.o
    0x20000030   COMPRESSED   0x00000004   Data   RW         5015    .data               system_stm32g4xx.o
    0x20000034   COMPRESSED   0x00000008   Data   RW         5053    .data               foc.o
    0x2000003c   COMPRESSED   0x00000010   Data   RW         5261    .data               time_utils.o
    0x2000004c   COMPRESSED   0x00000004   PAD
    0x20000050   COMPRESSED   0x00000030   Data   RW         5311    .data               sensor.o
    0x20000080   COMPRESSED   0x00000024   Data   RW         5392    .data               bldcmotor.o
    0x200000a4   COMPRESSED   0x00000010   Data   RW         5453    .data               usermain.o
    0x200000b4   COMPRESSED   0x00000001   Data   RW         5501    .data               comm.o
    0x200000b5   COMPRESSED   0x00000003   PAD
    0x200000b8   COMPRESSED   0x00000004   Data   RW         5502    .data               comm.o
    0x200000bc   COMPRESSED   0x00000004   Data   RW         5503    .data               comm.o
    0x200000c0   COMPRESSED   0x00000004   Data   RW         5504    .data               comm.o
    0x200000c4   COMPRESSED   0x00000004   Data   RW         5505    .data               comm.o
    0x200000c8   COMPRESSED   0x00000004   Data   RW         5506    .data               comm.o
    0x200000cc   COMPRESSED   0x00000004   Data   RW         5507    .data               comm.o
    0x200000d0   COMPRESSED   0x00000004   Data   RW         5508    .data               comm.o
    0x200000d4   COMPRESSED   0x00000004   Data   RW         5509    .data               comm.o
    0x200000d8   COMPRESSED   0x00000004   Data   RW         5510    .data               comm.o
    0x200000dc   COMPRESSED   0x00000004   Data   RW         5511    .data               comm.o
    0x200000e0   COMPRESSED   0x00000004   Data   RW         5512    .data               comm.o
    0x200000e4   COMPRESSED   0x0000000c   Data   RW         5566    .data               key.o
    0x200000f0   COMPRESSED   0x00000002   Data   RW         5610    .data               led.o
    0x200000f2   COMPRESSED   0x00000003   Data   RW         5643    .data               app.o
    0x200000f5   COMPRESSED   0x00000003   PAD
    0x200000f8   COMPRESSED   0x0000003c   Data   RW         6400    .data               tasks.o
    0x20000134   COMPRESSED   0x00000014   Data   RW         6731    .data               timers.o
    0x20000148   COMPRESSED   0x00000004   Data   RW         6956    .data               cmsis_os2.o
    0x2000014c   COMPRESSED   0x00000020   Data   RW         7402    .data               heap_4.o
    0x2000016c   COMPRESSED   0x0000000c   Data   RW         7458    .data               port.o
    0x20000178   COMPRESSED   0x00000004   Data   RW         7898    .data               mc_w.l(stdout.o)
    0x2000017c   COMPRESSED   0x00000004   Data   RW         7910    .data               mc_w.l(errno.o)
    0x20000180        -       0x000000d8   Zero   RW          364    .bss                adc.o
    0x20000258        -       0x0000004c   Zero   RW          436    .bss                i2c.o
    0x200002a4        -       0x000000b4   Zero   RW          480    .bss                opamp.o
    0x20000358        -       0x00000098   Zero   RW          534    .bss                tim.o
    0x200003f0        -       0x000000f0   Zero   RW          586    .bss                usart.o
    0x200004e0        -       0x0000004c   Zero   RW          752    .bss                stm32g4xx_hal_timebase_tim.o
    0x2000052c        -       0x000000e8   Zero   RW         5391    .bss                bldcmotor.o
    0x20000614        -       0x00000025   Zero   RW         5498    .bss                comm.o
    0x20000639   COMPRESSED   0x00000003   PAD
    0x2000063c        -       0x00000030   Zero   RW         5565    .bss                key.o
    0x2000066c        -       0x00000040   Zero   RW         5975    .bss                queue.o
    0x200006ac        -       0x000004c4   Zero   RW         6399    .bss                tasks.o
    0x20000b70        -       0x00000118   Zero   RW         6730    .bss                timers.o
    0x20000c88        -       0x000006b8   Zero   RW         6955    .bss                cmsis_os2.o
    0x20001340        -       0x00004e20   Zero   RW         7401    .bss                heap_4.o
    0x20006160        -       0x00000400   Zero   RW            1    STACK               startup_stm32g431xx.o


==============================================================================

Image component sizes


      Code (inc. data)   RO Data    RW Data    ZI Data      Debug   Object Name

       712         50          0          4        216       2914   adc.o
       356         56          0          3          0       2522   app.o
        56         20         48          4          0       1793   app_freertos.o
        56          6          0          0          0       1252   as5600.o
       896        130          0         36        232       5390   bldcmotor.o
       326         22          0          4       1720      65227   cmsis_os2.o
       596        186          0         45         37       4102   comm.o
        60          4          0          0          0        814   dma.o
         0          0          0          0          0      19452   event_groups.o
       604         38          0          8          0       5587   foc.o
       188         12          0          0          0        987   gpio.o
       468         22          0         32      20000       4871   heap_4.o
       252         26          0          0         76       1805   i2c.o
       720         26          0         12         48       3948   key.o
        56         10          0          2          0        740   led.o
       138          0          0          0          0       3550   list.o
       164         16          0          0          0       1815   lowpassfilter.o
       636         72          0         28          0     708544   main.o
       332         46        800          0          0       2372   math_utils.o
       304         44          0          0        180       2945   opamp.o
       500         66          0          0          0       2213   pid.o
       786         82          0         12          0      11513   port.o
      1514         20          0          0         64      17432   queue.o
      1480        414          0         48          0       7027   sensor.o
        36          8        472          0       1024        836   startup_stm32g431xx.o
        94         14          0         12          0       3646   stm32g4xx_hal.o
      2384         96          0          0          0      78172   stm32g4xx_hal_adc.o
      1738         72          0          0          0      76379   stm32g4xx_hal_adc_ex.o
       158         14          0          0          0      33050   stm32g4xx_hal_cortex.o
       704         30          0          0          0       4863   stm32g4xx_hal_dma.o
       604         34          0          0          0       3003   stm32g4xx_hal_gpio.o
      1538         40          0          0          0      11150   stm32g4xx_hal_i2c.o
       168          0          0          0          0       1911   stm32g4xx_hal_i2c_ex.o
        60          6          0          0          0        874   stm32g4xx_hal_msp.o
       288          8          0          0          0       2467   stm32g4xx_hal_opamp.o
       204         18          0          0          0       1409   stm32g4xx_hal_pwr_ex.o
      1760        102          0          0          0       6933   stm32g4xx_hal_rcc.o
       648         10          0          0          0       1876   stm32g4xx_hal_rcc_ex.o
      3076        304          0          0          0      20882   stm32g4xx_hal_tim.o
       670         58          0          0          0       9203   stm32g4xx_hal_tim_ex.o
       136         20          0          0         76       1428   stm32g4xx_hal_timebase_tim.o
      3506        124         24          0          0      35458   stm32g4xx_hal_uart.o
       288          6         16          0          0       5362   stm32g4xx_hal_uart_ex.o
       128         50          0          0          0       6233   stm32g4xx_it.o
         0          0          0          0          0        392   stream_buffer.o
        16          4         24          4          0       1127   system_stm32g4xx.o
      2508        204          0         60       1220      29890   tasks.o
       644         42          0          0        152       3281   tim.o
       136          8          0         16          0       1726   time_utils.o
       972         80          0         20        280      32151   timers.o
       300         32          0          0        240       1897   usart.o
       140         30        188         16          0       2079   usermain.o

    ----------------------------------------------------------------------
     34164       2782       1608        376      25568    1256493   Object Totals
         0          0         32          0          0          0   (incl. Generated)
        60          0          4         10          3          0   (incl. Padding)

    ----------------------------------------------------------------------

      Code (inc. data)   RO Data    RW Data    ZI Data      Debug   Library Member Name

       744        106        152          0          0        352   atan.o
       512         64          0          0          0        208   atan2.o
        56         12          0          0          0        132   atof.o
       104         16          0          0          0        496   dunder.o
        24          0          0          0          0        124   fabs.o
       280         28          0          0          0        156   floor.o
       260          6          0          0          0        144   fmod.o
        48          0          0          0          0        124   fpclassify.o
       248          0          0          0          0        152   poly.o
         0          0          8          0          0          0   qnan.o
        86          0          0          0          0          0   __dczerorl2.o
        64          0          0          0          0         84   _sgetc.o
        40          6         64          0          0         68   ctype_c.o
         0          0          0          0          0          0   entry.o
         0          0          0          0          0          0   entry10a.o
         0          0          0          0          0          0   entry11a.o
         4          0          0          0          0          0   entry12b.o
         8          4          0          0          0          0   entry2.o
         4          0          0          0          0          0   entry5.o
         0          0          0          0          0          0   entry7b.o
         0          0          0          0          0          0   entry8b.o
         8          4          0          0          0          0   entry9a.o
        24         12          0          4          0        136   errno.o
        30          0          0          0          0          0   handlers.o
        36          8          0          0          0         68   init.o
        10          0          0          0          0         68   isspace_c.o
         0          0          0          0          0          0   iusefp.o
        30          0          0          0          0         68   llshl.o
        36          0          0          0          0         68   llsshr.o
        32          0          0          0          0         68   llushr.o
        36          0          0          0          0         68   memcpya.o
        36          0          0          0          0        108   memseta.o
      2268         96          0          0          0        616   printfa.o
       878         12          0          0          0        216   scanf_fp.o
         0          0          0          4          0          0   stdout.o
       156         12          0          0          0        120   strtod.o
        44          0          0          0          0         80   uidiv.o
        98          0          0          0          0         92   uldiv.o
        48          0          0          0          0         68   cdcmple.o
        48          0          0          0          0         68   cdrcmple.o
        56          0          0          0          0         88   d2f.o
       334          0          0          0          0        148   dadd.o
       222          0          0          0          0        100   ddiv.o
       186          0          0          0          0        176   depilogue.o
        62          0          0          0          0         80   dfixi.o
        48          0          0          0          0         68   dfixul.o
        24          0          0          0          0         76   dfltul.o
       228          0          0          0          0         96   dmul.o
       134          0          0          0          0         96   drem.o
        38          0          0          0          0         68   f2d.o
       110          0          0          0          0        168   fepilogue.o

    ----------------------------------------------------------------------
      7756        386        224          8          0       5116   Library Totals
        14          0          0          0          0          0   (incl. Padding)

    ----------------------------------------------------------------------

      Code (inc. data)   RO Data    RW Data    ZI Data      Debug   Library Name

      2276        232        160          0          0       1888   m_wm.l
      3928        154         64          8          0       1928   mc_w.l
      1538          0          0          0          0       1300   mf_w.l

    ----------------------------------------------------------------------
      7756        386        224          8          0       5116   Library Totals

    ----------------------------------------------------------------------

==============================================================================


      Code (inc. data)   RO Data    RW Data    ZI Data      Debug   

     41920       3168       1832        384      25568    1231829   Grand Totals
     41920       3168       1832         16      25568    1231829   ELF Image Totals (compressed)
     41920       3168       1832         16          0          0   ROM Totals

==============================================================================

    Total RO  Size (Code + RO Data)                43752 (  42.73kB)
    Total RW  Size (RW Data + ZI Data)             25952 (  25.34kB)
    Total ROM Size (Code + RO Data + RW Data)      43768 (  42.74kB)

==============================================================================

